Config file config/config.yaml is extended by additional config specified via the command line.
Config file config/containers.yaml is extended by additional config specified via the command line.
Lints for snakefile /home/andy/MyStuff/PhD/pipelines/snk-chipseq/Snakefile:
    * Path composition with '+' in line 1874:
      This becomes quickly unreadable. Usually, it is better to endure some
      redundancy against having a more readable workflow. Hence, just repeat
      common prefixes. If path composition is unavoidable, use pathlib or
      (python >= 3.6) string formatting with f"...".
    * Path composition with '+' in line 1968:
      This becomes quickly unreadable. Usually, it is better to endure some
      redundancy against having a more readable workflow. Hence, just repeat
      common prefixes. If path composition is unavoidable, use pathlib or
      (python >= 3.6) string formatting with f"...".

Lints for rule fetch_remote (line 559, /home/andy/MyStuff/PhD/pipelines/snk-chipseq/Snakefile):
    * No log directive defined:
      Without a log directive, all output will be printed to the terminal. In
      distributed environments, this means that errors are harder to discover.
      In local environments, output of concurrent jobs will be mixed and become
      unreadable.
      Also see:
      https://snakemake.readthedocs.io/en/stable/snakefiles/rules.html#log-files
    * Migrate long run directives into scripts or notebooks:
      Long run directives hamper workflow readability. Use the script or
      notebook directive instead. Note that the script or notebook directive
      does not involve boilerplate. Similar to run, you will have direct access
      to params, input, output, and wildcards.Only use the run directive for a
      handful of lines.
      Also see:
      https://snakemake.readthedocs.io/en/latest/snakefiles/rules.html#external-scripts
      https://snakemake.readthedocs.io/en/latest/snakefiles/rules.html#jupyter-notebook-integration

Lints for rule samplesheet_check (line 575, /home/andy/MyStuff/PhD/pipelines/snk-chipseq/Snakefile):
    * No log directive defined:
      Without a log directive, all output will be printed to the terminal. In
      distributed environments, this means that errors are harder to discover.
      In local environments, output of concurrent jobs will be mixed and become
      unreadable.
      Also see:
      https://snakemake.readthedocs.io/en/stable/snakefiles/rules.html#log-files
    * Shell command directly uses variable SCRIPTS from outside of the rule:
      It is recommended to pass all files as input and output, and non-file
      parameters via the params directive. Otherwise, provenance tracking is
      less accurate.
      Also see:
      https://snakemake.readthedocs.io/en/stable/snakefiles/rules.html#non-file-parameters-for-rules

Lints for rule gunzip (line 594, /home/andy/MyStuff/PhD/pipelines/snk-chipseq/Snakefile):
    * No log directive defined:
      Without a log directive, all output will be printed to the terminal. In
      distributed environments, this means that errors are harder to discover.
      In local environments, output of concurrent jobs will be mixed and become
      unreadable.
      Also see:
      https://snakemake.readthedocs.io/en/stable/snakefiles/rules.html#log-files

Lints for rule gffread (line 611, /home/andy/MyStuff/PhD/pipelines/snk-chipseq/Snakefile):
    * No log directive defined:
      Without a log directive, all output will be printed to the terminal. In
      distributed environments, this means that errors are harder to discover.
      In local environments, output of concurrent jobs will be mixed and become
      unreadable.
      Also see:
      https://snakemake.readthedocs.io/en/stable/snakefiles/rules.html#log-files
    * Shell command directly uses variable GFF_NAME from outside of the rule:
      It is recommended to pass all files as input and output, and non-file
      parameters via the params directive. Otherwise, provenance tracking is
      less accurate.
      Also see:
      https://snakemake.readthedocs.io/en/stable/snakefiles/rules.html#non-file-parameters-for-rules
    * Shell command directly uses variable GFF_NAME from outside of the rule:
      It is recommended to pass all files as input and output, and non-file
      parameters via the params directive. Otherwise, provenance tracking is
      less accurate.
      Also see:
      https://snakemake.readthedocs.io/en/stable/snakefiles/rules.html#non-file-parameters-for-rules

Lints for rule gtf2bed (line 637, /home/andy/MyStuff/PhD/pipelines/snk-chipseq/Snakefile):
    * No log directive defined:
      Without a log directive, all output will be printed to the terminal. In
      distributed environments, this means that errors are harder to discover.
      In local environments, output of concurrent jobs will be mixed and become
      unreadable.
      Also see:
      https://snakemake.readthedocs.io/en/stable/snakefiles/rules.html#log-files
    * Shell command directly uses variable SCRIPTS from outside of the rule:
      It is recommended to pass all files as input and output, and non-file
      parameters via the params directive. Otherwise, provenance tracking is
      less accurate.
      Also see:
      https://snakemake.readthedocs.io/en/stable/snakefiles/rules.html#non-file-parameters-for-rules

Lints for rule custom_getchromsizes (line 652, /home/andy/MyStuff/PhD/pipelines/snk-chipseq/Snakefile):
    * No log directive defined:
      Without a log directive, all output will be printed to the terminal. In
      distributed environments, this means that errors are harder to discover.
      In local environments, output of concurrent jobs will be mixed and become
      unreadable.
      Also see:
      https://snakemake.readthedocs.io/en/stable/snakefiles/rules.html#log-files
    * Shell command directly uses variable FASTA_NAME from outside of the rule:
      It is recommended to pass all files as input and output, and non-file
      parameters via the params directive. Otherwise, provenance tracking is
      less accurate.
      Also see:
      https://snakemake.readthedocs.io/en/stable/snakefiles/rules.html#non-file-parameters-for-rules
    * Shell command directly uses variable FASTA_NAME from outside of the rule:
      It is recommended to pass all files as input and output, and non-file
      parameters via the params directive. Otherwise, provenance tracking is
      less accurate.
      Also see:
      https://snakemake.readthedocs.io/en/stable/snakefiles/rules.html#non-file-parameters-for-rules
    * Shell command directly uses variable FASTA_NAME from outside of the rule:
      It is recommended to pass all files as input and output, and non-file
      parameters via the params directive. Otherwise, provenance tracking is
      less accurate.
      Also see:
      https://snakemake.readthedocs.io/en/stable/snakefiles/rules.html#non-file-parameters-for-rules
    * Shell command directly uses variable FASTA_NAME from outside of the rule:
      It is recommended to pass all files as input and output, and non-file
      parameters via the params directive. Otherwise, provenance tracking is
      less accurate.
      Also see:
      https://snakemake.readthedocs.io/en/stable/snakefiles/rules.html#non-file-parameters-for-rules
    * Shell command directly uses variable FASTA_NAME from outside of the rule:
      It is recommended to pass all files as input and output, and non-file
      parameters via the params directive. Otherwise, provenance tracking is
      less accurate.
      Also see:
      https://snakemake.readthedocs.io/en/stable/snakefiles/rules.html#non-file-parameters-for-rules
    * Shell command directly uses variable FASTA_NAME from outside of the rule:
      It is recommended to pass all files as input and output, and non-file
      parameters via the params directive. Otherwise, provenance tracking is
      less accurate.
      Also see:
      https://snakemake.readthedocs.io/en/stable/snakefiles/rules.html#non-file-parameters-for-rules

Lints for rule genome_blacklist_regions (line 676, /home/andy/MyStuff/PhD/pipelines/snk-chipseq/Snakefile):
    * No log directive defined:
      Without a log directive, all output will be printed to the terminal. In
      distributed environments, this means that errors are harder to discover.
      In local environments, output of concurrent jobs will be mixed and become
      unreadable.
      Also see:
      https://snakemake.readthedocs.io/en/stable/snakefiles/rules.html#log-files

Lints for rule untar (line 698, /home/andy/MyStuff/PhD/pipelines/snk-chipseq/Snakefile):
    * No log directive defined:
      Without a log directive, all output will be printed to the terminal. In
      distributed environments, this means that errors are harder to discover.
      In local environments, output of concurrent jobs will be mixed and become
      unreadable.
      Also see:
      https://snakemake.readthedocs.io/en/stable/snakefiles/rules.html#log-files

Lints for rule bwa_index (line 722, /home/andy/MyStuff/PhD/pipelines/snk-chipseq/Snakefile):
    * No log directive defined:
      Without a log directive, all output will be printed to the terminal. In
      distributed environments, this means that errors are harder to discover.
      In local environments, output of concurrent jobs will be mixed and become
      unreadable.
      Also see:
      https://snakemake.readthedocs.io/en/stable/snakefiles/rules.html#log-files
    * Shell command directly uses variable FASTA_NAME from outside of the rule:
      It is recommended to pass all files as input and output, and non-file
      parameters via the params directive. Otherwise, provenance tracking is
      less accurate.
      Also see:
      https://snakemake.readthedocs.io/en/stable/snakefiles/rules.html#non-file-parameters-for-rules
    * Shell command directly uses variable FASTA_NAME from outside of the rule:
      It is recommended to pass all files as input and output, and non-file
      parameters via the params directive. Otherwise, provenance tracking is
      less accurate.
      Also see:
      https://snakemake.readthedocs.io/en/stable/snakefiles/rules.html#non-file-parameters-for-rules

Lints for rule bowtie2_build (line 746, /home/andy/MyStuff/PhD/pipelines/snk-chipseq/Snakefile):
    * No log directive defined:
      Without a log directive, all output will be printed to the terminal. In
      distributed environments, this means that errors are harder to discover.
      In local environments, output of concurrent jobs will be mixed and become
      unreadable.
      Also see:
      https://snakemake.readthedocs.io/en/stable/snakefiles/rules.html#log-files
    * Shell command directly uses variable FASTA_NAME from outside of the rule:
      It is recommended to pass all files as input and output, and non-file
      parameters via the params directive. Otherwise, provenance tracking is
      less accurate.
      Also see:
      https://snakemake.readthedocs.io/en/stable/snakefiles/rules.html#non-file-parameters-for-rules
    * Shell command directly uses variable FASTA_NAME from outside of the rule:
      It is recommended to pass all files as input and output, and non-file
      parameters via the params directive. Otherwise, provenance tracking is
      less accurate.
      Also see:
      https://snakemake.readthedocs.io/en/stable/snakefiles/rules.html#non-file-parameters-for-rules

Lints for rule chromap_index (line 770, /home/andy/MyStuff/PhD/pipelines/snk-chipseq/Snakefile):
    * No log directive defined:
      Without a log directive, all output will be printed to the terminal. In
      distributed environments, this means that errors are harder to discover.
      In local environments, output of concurrent jobs will be mixed and become
      unreadable.
      Also see:
      https://snakemake.readthedocs.io/en/stable/snakefiles/rules.html#log-files
    * Shell command directly uses variable FASTA_NAME from outside of the rule:
      It is recommended to pass all files as input and output, and non-file
      parameters via the params directive. Otherwise, provenance tracking is
      less accurate.
      Also see:
      https://snakemake.readthedocs.io/en/stable/snakefiles/rules.html#non-file-parameters-for-rules
    * Shell command directly uses variable FASTA_NAME from outside of the rule:
      It is recommended to pass all files as input and output, and non-file
      parameters via the params directive. Otherwise, provenance tracking is
      less accurate.
      Also see:
      https://snakemake.readthedocs.io/en/stable/snakefiles/rules.html#non-file-parameters-for-rules

Lints for rule star_genomegenerate (line 791, /home/andy/MyStuff/PhD/pipelines/snk-chipseq/Snakefile):
    * No log directive defined:
      Without a log directive, all output will be printed to the terminal. In
      distributed environments, this means that errors are harder to discover.
      In local environments, output of concurrent jobs will be mixed and become
      unreadable.
      Also see:
      https://snakemake.readthedocs.io/en/stable/snakefiles/rules.html#log-files
    * Shell command directly uses variable FASTA_NAME from outside of the rule:
      It is recommended to pass all files as input and output, and non-file
      parameters via the params directive. Otherwise, provenance tracking is
      less accurate.
      Also see:
      https://snakemake.readthedocs.io/en/stable/snakefiles/rules.html#non-file-parameters-for-rules
    * Shell command directly uses variable GTF_NAME from outside of the rule:
      It is recommended to pass all files as input and output, and non-file
      parameters via the params directive. Otherwise, provenance tracking is
      less accurate.
      Also see:
      https://snakemake.readthedocs.io/en/stable/snakefiles/rules.html#non-file-parameters-for-rules
    * Shell command directly uses variable FASTA_NAME from outside of the rule:
      It is recommended to pass all files as input and output, and non-file
      parameters via the params directive. Otherwise, provenance tracking is
      less accurate.
      Also see:
      https://snakemake.readthedocs.io/en/stable/snakefiles/rules.html#non-file-parameters-for-rules
    * Shell command directly uses variable FASTA_NAME from outside of the rule:
      It is recommended to pass all files as input and output, and non-file
      parameters via the params directive. Otherwise, provenance tracking is
      less accurate.
      Also see:
      https://snakemake.readthedocs.io/en/stable/snakefiles/rules.html#non-file-parameters-for-rules
    * Shell command directly uses variable FASTA_NAME from outside of the rule:
      It is recommended to pass all files as input and output, and non-file
      parameters via the params directive. Otherwise, provenance tracking is
      less accurate.
      Also see:
      https://snakemake.readthedocs.io/en/stable/snakefiles/rules.html#non-file-parameters-for-rules
    * Shell command directly uses variable GTF_NAME from outside of the rule:
      It is recommended to pass all files as input and output, and non-file
      parameters via the params directive. Otherwise, provenance tracking is
      less accurate.
      Also see:
      https://snakemake.readthedocs.io/en/stable/snakefiles/rules.html#non-file-parameters-for-rules

Lints for rule fastqc_se (line 826, /home/andy/MyStuff/PhD/pipelines/snk-chipseq/Snakefile):
    * Do not access input and output files individually by index in shell commands:
      When individual access to input or output files is needed (i.e., just
      writing '{input}' is impossible), use names ('{input.somename}') instead
      of index based access.
      Also see:
      https://snakemake.readthedocs.io/en/latest/snakefiles/rules.html#rules
    * No log directive defined:
      Without a log directive, all output will be printed to the terminal. In
      distributed environments, this means that errors are harder to discover.
      In local environments, output of concurrent jobs will be mixed and become
      unreadable.
      Also see:
      https://snakemake.readthedocs.io/en/stable/snakefiles/rules.html#log-files

Lints for rule fastqc_pe (line 852, /home/andy/MyStuff/PhD/pipelines/snk-chipseq/Snakefile):
    * Do not access input and output files individually by index in shell commands:
      When individual access to input or output files is needed (i.e., just
      writing '{input}' is impossible), use names ('{input.somename}') instead
      of index based access.
      Also see:
      https://snakemake.readthedocs.io/en/latest/snakefiles/rules.html#rules
    * No log directive defined:
      Without a log directive, all output will be printed to the terminal. In
      distributed environments, this means that errors are harder to discover.
      In local environments, output of concurrent jobs will be mixed and become
      unreadable.
      Also see:
      https://snakemake.readthedocs.io/en/stable/snakefiles/rules.html#log-files

Lints for rule trimgalore_pe (line 903, /home/andy/MyStuff/PhD/pipelines/snk-chipseq/Snakefile):
    * Do not access input and output files individually by index in shell commands:
      When individual access to input or output files is needed (i.e., just
      writing '{input}' is impossible), use names ('{input.somename}') instead
      of index based access.
      Also see:
      https://snakemake.readthedocs.io/en/latest/snakefiles/rules.html#rules
    * No log directive defined:
      Without a log directive, all output will be printed to the terminal. In
      distributed environments, this means that errors are harder to discover.
      In local environments, output of concurrent jobs will be mixed and become
      unreadable.
      Also see:
      https://snakemake.readthedocs.io/en/stable/snakefiles/rules.html#log-files

Lints for rule trimgalore_se (line 944, /home/andy/MyStuff/PhD/pipelines/snk-chipseq/Snakefile):
    * Do not access input and output files individually by index in shell commands:
      When individual access to input or output files is needed (i.e., just
      writing '{input}' is impossible), use names ('{input.somename}') instead
      of index based access.
      Also see:
      https://snakemake.readthedocs.io/en/latest/snakefiles/rules.html#rules
    * No log directive defined:
      Without a log directive, all output will be printed to the terminal. In
      distributed environments, this means that errors are harder to discover.
      In local environments, output of concurrent jobs will be mixed and become
      unreadable.
      Also see:
      https://snakemake.readthedocs.io/en/stable/snakefiles/rules.html#log-files

Lints for rule trim_status (line 976, /home/andy/MyStuff/PhD/pipelines/snk-chipseq/Snakefile):
    * No log directive defined:
      Without a log directive, all output will be printed to the terminal. In
      distributed environments, this means that errors are harder to discover.
      In local environments, output of concurrent jobs will be mixed and become
      unreadable.
      Also see:
      https://snakemake.readthedocs.io/en/stable/snakefiles/rules.html#log-files
    * Migrate long run directives into scripts or notebooks:
      Long run directives hamper workflow readability. Use the script or
      notebook directive instead. Note that the script or notebook directive
      does not involve boilerplate. Similar to run, you will have direct access
      to params, input, output, and wildcards.Only use the run directive for a
      handful of lines.
      Also see:
      https://snakemake.readthedocs.io/en/latest/snakefiles/rules.html#external-scripts
      https://snakemake.readthedocs.io/en/latest/snakefiles/rules.html#jupyter-notebook-integration

Lints for rule trim_summary (line 988, /home/andy/MyStuff/PhD/pipelines/snk-chipseq/Snakefile):
    * No log directive defined:
      Without a log directive, all output will be printed to the terminal. In
      distributed environments, this means that errors are harder to discover.
      In local environments, output of concurrent jobs will be mixed and become
      unreadable.
      Also see:
      https://snakemake.readthedocs.io/en/stable/snakefiles/rules.html#log-files
    * Migrate long run directives into scripts or notebooks:
      Long run directives hamper workflow readability. Use the script or
      notebook directive instead. Note that the script or notebook directive
      does not involve boilerplate. Similar to run, you will have direct access
      to params, input, output, and wildcards.Only use the run directive for a
      handful of lines.
      Also see:
      https://snakemake.readthedocs.io/en/latest/snakefiles/rules.html#external-scripts
      https://snakemake.readthedocs.io/en/latest/snakefiles/rules.html#jupyter-notebook-integration

Lints for rule bwa_mem (line 1038, /home/andy/MyStuff/PhD/pipelines/snk-chipseq/Snakefile):
    * No log directive defined:
      Without a log directive, all output will be printed to the terminal. In
      distributed environments, this means that errors are harder to discover.
      In local environments, output of concurrent jobs will be mixed and become
      unreadable.
      Also see:
      https://snakemake.readthedocs.io/en/stable/snakefiles/rules.html#log-files

Lints for rule bowtie2_align (line 1076, /home/andy/MyStuff/PhD/pipelines/snk-chipseq/Snakefile):
    * No log directive defined:
      Without a log directive, all output will be printed to the terminal. In
      distributed environments, this means that errors are harder to discover.
      In local environments, output of concurrent jobs will be mixed and become
      unreadable.
      Also see:
      https://snakemake.readthedocs.io/en/stable/snakefiles/rules.html#log-files

Lints for rule chromap (line 1123, /home/andy/MyStuff/PhD/pipelines/snk-chipseq/Snakefile):
    * No log directive defined:
      Without a log directive, all output will be printed to the terminal. In
      distributed environments, this means that errors are harder to discover.
      In local environments, output of concurrent jobs will be mixed and become
      unreadable.
      Also see:
      https://snakemake.readthedocs.io/en/stable/snakefiles/rules.html#log-files
    * Shell command directly uses variable FASTA_NAME from outside of the rule:
      It is recommended to pass all files as input and output, and non-file
      parameters via the params directive. Otherwise, provenance tracking is
      less accurate.
      Also see:
      https://snakemake.readthedocs.io/en/stable/snakefiles/rules.html#non-file-parameters-for-rules
    * Shell command directly uses variable FASTA_NAME from outside of the rule:
      It is recommended to pass all files as input and output, and non-file
      parameters via the params directive. Otherwise, provenance tracking is
      less accurate.
      Also see:
      https://snakemake.readthedocs.io/en/stable/snakefiles/rules.html#non-file-parameters-for-rules

Lints for rule star_align (line 1159, /home/andy/MyStuff/PhD/pipelines/snk-chipseq/Snakefile):
    * No log directive defined:
      Without a log directive, all output will be printed to the terminal. In
      distributed environments, this means that errors are harder to discover.
      In local environments, output of concurrent jobs will be mixed and become
      unreadable.
      Also see:
      https://snakemake.readthedocs.io/en/stable/snakefiles/rules.html#log-files

Lints for rule samtools_sort_library (line 1216, /home/andy/MyStuff/PhD/pipelines/snk-chipseq/Snakefile):
    * No log directive defined:
      Without a log directive, all output will be printed to the terminal. In
      distributed environments, this means that errors are harder to discover.
      In local environments, output of concurrent jobs will be mixed and become
      unreadable.
      Also see:
      https://snakemake.readthedocs.io/en/stable/snakefiles/rules.html#log-files
    * Shell command directly uses variable FASTA_NAME from outside of the rule:
      It is recommended to pass all files as input and output, and non-file
      parameters via the params directive. Otherwise, provenance tracking is
      less accurate.
      Also see:
      https://snakemake.readthedocs.io/en/stable/snakefiles/rules.html#non-file-parameters-for-rules
    * Shell command directly uses variable FASTA_NAME from outside of the rule:
      It is recommended to pass all files as input and output, and non-file
      parameters via the params directive. Otherwise, provenance tracking is
      less accurate.
      Also see:
      https://snakemake.readthedocs.io/en/stable/snakefiles/rules.html#non-file-parameters-for-rules

Lints for rule samtools_index (line 1245, /home/andy/MyStuff/PhD/pipelines/snk-chipseq/Snakefile):
    * No log directive defined:
      Without a log directive, all output will be printed to the terminal. In
      distributed environments, this means that errors are harder to discover.
      In local environments, output of concurrent jobs will be mixed and become
      unreadable.
      Also see:
      https://snakemake.readthedocs.io/en/stable/snakefiles/rules.html#log-files

Lints for rule samtools_stats (line 1263, /home/andy/MyStuff/PhD/pipelines/snk-chipseq/Snakefile):
    * No log directive defined:
      Without a log directive, all output will be printed to the terminal. In
      distributed environments, this means that errors are harder to discover.
      In local environments, output of concurrent jobs will be mixed and become
      unreadable.
      Also see:
      https://snakemake.readthedocs.io/en/stable/snakefiles/rules.html#log-files
    * Shell command directly uses variable FASTA_NAME from outside of the rule:
      It is recommended to pass all files as input and output, and non-file
      parameters via the params directive. Otherwise, provenance tracking is
      less accurate.
      Also see:
      https://snakemake.readthedocs.io/en/stable/snakefiles/rules.html#non-file-parameters-for-rules
    * Shell command directly uses variable FASTA_NAME from outside of the rule:
      It is recommended to pass all files as input and output, and non-file
      parameters via the params directive. Otherwise, provenance tracking is
      less accurate.
      Also see:
      https://snakemake.readthedocs.io/en/stable/snakefiles/rules.html#non-file-parameters-for-rules

Lints for rule samtools_flagstat (line 1291, /home/andy/MyStuff/PhD/pipelines/snk-chipseq/Snakefile):
    * No log directive defined:
      Without a log directive, all output will be printed to the terminal. In
      distributed environments, this means that errors are harder to discover.
      In local environments, output of concurrent jobs will be mixed and become
      unreadable.
      Also see:
      https://snakemake.readthedocs.io/en/stable/snakefiles/rules.html#log-files

Lints for rule samtools_idxstats (line 1310, /home/andy/MyStuff/PhD/pipelines/snk-chipseq/Snakefile):
    * No log directive defined:
      Without a log directive, all output will be printed to the terminal. In
      distributed environments, this means that errors are harder to discover.
      In local environments, output of concurrent jobs will be mixed and become
      unreadable.
      Also see:
      https://snakemake.readthedocs.io/en/stable/snakefiles/rules.html#log-files

Lints for rule picard_mergesamfiles (line 1333, /home/andy/MyStuff/PhD/pipelines/snk-chipseq/Snakefile):
    * No log directive defined:
      Without a log directive, all output will be printed to the terminal. In
      distributed environments, this means that errors are harder to discover.
      In local environments, output of concurrent jobs will be mixed and become
      unreadable.
      Also see:
      https://snakemake.readthedocs.io/en/stable/snakefiles/rules.html#log-files

Lints for rule picard_markduplicates (line 1365, /home/andy/MyStuff/PhD/pipelines/snk-chipseq/Snakefile):
    * No log directive defined:
      Without a log directive, all output will be printed to the terminal. In
      distributed environments, this means that errors are harder to discover.
      In local environments, output of concurrent jobs will be mixed and become
      unreadable.
      Also see:
      https://snakemake.readthedocs.io/en/stable/snakefiles/rules.html#log-files
    * Shell command directly uses variable FASTA_NAME from outside of the rule:
      It is recommended to pass all files as input and output, and non-file
      parameters via the params directive. Otherwise, provenance tracking is
      less accurate.
      Also see:
      https://snakemake.readthedocs.io/en/stable/snakefiles/rules.html#non-file-parameters-for-rules
    * Shell command directly uses variable FASTA_NAME from outside of the rule:
      It is recommended to pass all files as input and output, and non-file
      parameters via the params directive. Otherwise, provenance tracking is
      less accurate.
      Also see:
      https://snakemake.readthedocs.io/en/stable/snakefiles/rules.html#non-file-parameters-for-rules
    * Shell command directly uses variable FASTA_NAME from outside of the rule:
      It is recommended to pass all files as input and output, and non-file
      parameters via the params directive. Otherwise, provenance tracking is
      less accurate.
      Also see:
      https://snakemake.readthedocs.io/en/stable/snakefiles/rules.html#non-file-parameters-for-rules

Lints for rule bamtools_filter_pe (line 1431, /home/andy/MyStuff/PhD/pipelines/snk-chipseq/Snakefile):
    * No log directive defined:
      Without a log directive, all output will be printed to the terminal. In
      distributed environments, this means that errors are harder to discover.
      In local environments, output of concurrent jobs will be mixed and become
      unreadable.
      Also see:
      https://snakemake.readthedocs.io/en/stable/snakefiles/rules.html#log-files

Lints for rule bamtools_filter_se (line 1451, /home/andy/MyStuff/PhD/pipelines/snk-chipseq/Snakefile):
    * No log directive defined:
      Without a log directive, all output will be printed to the terminal. In
      distributed environments, this means that errors are harder to discover.
      In local environments, output of concurrent jobs will be mixed and become
      unreadable.
      Also see:
      https://snakemake.readthedocs.io/en/stable/snakefiles/rules.html#log-files

Lints for rule samtools_sort_name (line 1471, /home/andy/MyStuff/PhD/pipelines/snk-chipseq/Snakefile):
    * No log directive defined:
      Without a log directive, all output will be printed to the terminal. In
      distributed environments, this means that errors are harder to discover.
      In local environments, output of concurrent jobs will be mixed and become
      unreadable.
      Also see:
      https://snakemake.readthedocs.io/en/stable/snakefiles/rules.html#log-files
    * Shell command directly uses variable FASTA_NAME from outside of the rule:
      It is recommended to pass all files as input and output, and non-file
      parameters via the params directive. Otherwise, provenance tracking is
      less accurate.
      Also see:
      https://snakemake.readthedocs.io/en/stable/snakefiles/rules.html#non-file-parameters-for-rules
    * Shell command directly uses variable FASTA_NAME from outside of the rule:
      It is recommended to pass all files as input and output, and non-file
      parameters via the params directive. Otherwise, provenance tracking is
      less accurate.
      Also see:
      https://snakemake.readthedocs.io/en/stable/snakefiles/rules.html#non-file-parameters-for-rules

Lints for rule bam_remove_orphans (line 1498, /home/andy/MyStuff/PhD/pipelines/snk-chipseq/Snakefile):
    * No log directive defined:
      Without a log directive, all output will be printed to the terminal. In
      distributed environments, this means that errors are harder to discover.
      In local environments, output of concurrent jobs will be mixed and become
      unreadable.
      Also see:
      https://snakemake.readthedocs.io/en/stable/snakefiles/rules.html#log-files
    * Shell command directly uses variable SCRIPTS from outside of the rule:
      It is recommended to pass all files as input and output, and non-file
      parameters via the params directive. Otherwise, provenance tracking is
      less accurate.
      Also see:
      https://snakemake.readthedocs.io/en/stable/snakefiles/rules.html#non-file-parameters-for-rules

Lints for rule samtools_sort_clean (line 1523, /home/andy/MyStuff/PhD/pipelines/snk-chipseq/Snakefile):
    * No log directive defined:
      Without a log directive, all output will be printed to the terminal. In
      distributed environments, this means that errors are harder to discover.
      In local environments, output of concurrent jobs will be mixed and become
      unreadable.
      Also see:
      https://snakemake.readthedocs.io/en/stable/snakefiles/rules.html#log-files
    * Shell command directly uses variable FASTA_NAME from outside of the rule:
      It is recommended to pass all files as input and output, and non-file
      parameters via the params directive. Otherwise, provenance tracking is
      less accurate.
      Also see:
      https://snakemake.readthedocs.io/en/stable/snakefiles/rules.html#non-file-parameters-for-rules
    * Shell command directly uses variable FASTA_NAME from outside of the rule:
      It is recommended to pass all files as input and output, and non-file
      parameters via the params directive. Otherwise, provenance tracking is
      less accurate.
      Also see:
      https://snakemake.readthedocs.io/en/stable/snakefiles/rules.html#non-file-parameters-for-rules

Lints for rule preseq_lcextrap (line 1552, /home/andy/MyStuff/PhD/pipelines/snk-chipseq/Snakefile):
    * No log directive defined:
      Without a log directive, all output will be printed to the terminal. In
      distributed environments, this means that errors are harder to discover.
      In local environments, output of concurrent jobs will be mixed and become
      unreadable.
      Also see:
      https://snakemake.readthedocs.io/en/stable/snakefiles/rules.html#log-files

Lints for rule picard_collectmultiplemetrics_pe (line 1600, /home/andy/MyStuff/PhD/pipelines/snk-chipseq/Snakefile):
    * No log directive defined:
      Without a log directive, all output will be printed to the terminal. In
      distributed environments, this means that errors are harder to discover.
      In local environments, output of concurrent jobs will be mixed and become
      unreadable.
      Also see:
      https://snakemake.readthedocs.io/en/stable/snakefiles/rules.html#log-files
    * Shell command directly uses variable FASTA_NAME from outside of the rule:
      It is recommended to pass all files as input and output, and non-file
      parameters via the params directive. Otherwise, provenance tracking is
      less accurate.
      Also see:
      https://snakemake.readthedocs.io/en/stable/snakefiles/rules.html#non-file-parameters-for-rules
    * Shell command directly uses variable FASTA_NAME from outside of the rule:
      It is recommended to pass all files as input and output, and non-file
      parameters via the params directive. Otherwise, provenance tracking is
      less accurate.
      Also see:
      https://snakemake.readthedocs.io/en/stable/snakefiles/rules.html#non-file-parameters-for-rules
    * Shell command directly uses variable FASTA_NAME from outside of the rule:
      It is recommended to pass all files as input and output, and non-file
      parameters via the params directive. Otherwise, provenance tracking is
      less accurate.
      Also see:
      https://snakemake.readthedocs.io/en/stable/snakefiles/rules.html#non-file-parameters-for-rules

Lints for rule picard_collectmultiplemetrics_se (line 1621, /home/andy/MyStuff/PhD/pipelines/snk-chipseq/Snakefile):
    * No log directive defined:
      Without a log directive, all output will be printed to the terminal. In
      distributed environments, this means that errors are harder to discover.
      In local environments, output of concurrent jobs will be mixed and become
      unreadable.
      Also see:
      https://snakemake.readthedocs.io/en/stable/snakefiles/rules.html#log-files
    * Shell command directly uses variable FASTA_NAME from outside of the rule:
      It is recommended to pass all files as input and output, and non-file
      parameters via the params directive. Otherwise, provenance tracking is
      less accurate.
      Also see:
      https://snakemake.readthedocs.io/en/stable/snakefiles/rules.html#non-file-parameters-for-rules
    * Shell command directly uses variable FASTA_NAME from outside of the rule:
      It is recommended to pass all files as input and output, and non-file
      parameters via the params directive. Otherwise, provenance tracking is
      less accurate.
      Also see:
      https://snakemake.readthedocs.io/en/stable/snakefiles/rules.html#non-file-parameters-for-rules
    * Shell command directly uses variable FASTA_NAME from outside of the rule:
      It is recommended to pass all files as input and output, and non-file
      parameters via the params directive. Otherwise, provenance tracking is
      less accurate.
      Also see:
      https://snakemake.readthedocs.io/en/stable/snakefiles/rules.html#non-file-parameters-for-rules

Lints for rule phantompeakqualtools (line 1642, /home/andy/MyStuff/PhD/pipelines/snk-chipseq/Snakefile):
    * No log directive defined:
      Without a log directive, all output will be printed to the terminal. In
      distributed environments, this means that errors are harder to discover.
      In local environments, output of concurrent jobs will be mixed and become
      unreadable.
      Also see:
      https://snakemake.readthedocs.io/en/stable/snakefiles/rules.html#log-files

Lints for rule multiqc_custom_phantompeakqualtools (line 1672, /home/andy/MyStuff/PhD/pipelines/snk-chipseq/Snakefile):
    * No log directive defined:
      Without a log directive, all output will be printed to the terminal. In
      distributed environments, this means that errors are harder to discover.
      In local environments, output of concurrent jobs will be mixed and become
      unreadable.
      Also see:
      https://snakemake.readthedocs.io/en/stable/snakefiles/rules.html#log-files

Lints for rule bedtools_genomecov (line 1709, /home/andy/MyStuff/PhD/pipelines/snk-chipseq/Snakefile):
    * No log directive defined:
      Without a log directive, all output will be printed to the terminal. In
      distributed environments, this means that errors are harder to discover.
      In local environments, output of concurrent jobs will be mixed and become
      unreadable.
      Also see:
      https://snakemake.readthedocs.io/en/stable/snakefiles/rules.html#log-files

Lints for rule ucsc_bedgraphtobigwig (line 1741, /home/andy/MyStuff/PhD/pipelines/snk-chipseq/Snakefile):
    * No log directive defined:
      Without a log directive, all output will be printed to the terminal. In
      distributed environments, this means that errors are harder to discover.
      In local environments, output of concurrent jobs will be mixed and become
      unreadable.
      Also see:
      https://snakemake.readthedocs.io/en/stable/snakefiles/rules.html#log-files

Lints for rule deeptools_computematrix (line 1763, /home/andy/MyStuff/PhD/pipelines/snk-chipseq/Snakefile):
    * No log directive defined:
      Without a log directive, all output will be printed to the terminal. In
      distributed environments, this means that errors are harder to discover.
      In local environments, output of concurrent jobs will be mixed and become
      unreadable.
      Also see:
      https://snakemake.readthedocs.io/en/stable/snakefiles/rules.html#log-files
    * Shell command directly uses variable GENE_BED_NAME from outside of the rule:
      It is recommended to pass all files as input and output, and non-file
      parameters via the params directive. Otherwise, provenance tracking is
      less accurate.
      Also see:
      https://snakemake.readthedocs.io/en/stable/snakefiles/rules.html#non-file-parameters-for-rules
    * Shell command directly uses variable GENE_BED_NAME from outside of the rule:
      It is recommended to pass all files as input and output, and non-file
      parameters via the params directive. Otherwise, provenance tracking is
      less accurate.
      Also see:
      https://snakemake.readthedocs.io/en/stable/snakefiles/rules.html#non-file-parameters-for-rules

Lints for rule deeptools_plotprofile (line 1793, /home/andy/MyStuff/PhD/pipelines/snk-chipseq/Snakefile):
    * No log directive defined:
      Without a log directive, all output will be printed to the terminal. In
      distributed environments, this means that errors are harder to discover.
      In local environments, output of concurrent jobs will be mixed and become
      unreadable.
      Also see:
      https://snakemake.readthedocs.io/en/stable/snakefiles/rules.html#log-files

Lints for rule deeptools_plotheatmap (line 1817, /home/andy/MyStuff/PhD/pipelines/snk-chipseq/Snakefile):
    * No log directive defined:
      Without a log directive, all output will be printed to the terminal. In
      distributed environments, this means that errors are harder to discover.
      In local environments, output of concurrent jobs will be mixed and become
      unreadable.
      Also see:
      https://snakemake.readthedocs.io/en/stable/snakefiles/rules.html#log-files

Lints for rule deeptools_plotfingerprint (line 1854, /home/andy/MyStuff/PhD/pipelines/snk-chipseq/Snakefile):
    * No log directive defined:
      Without a log directive, all output will be printed to the terminal. In
      distributed environments, this means that errors are harder to discover.
      In local environments, output of concurrent jobs will be mixed and become
      unreadable.
      Also see:
      https://snakemake.readthedocs.io/en/stable/snakefiles/rules.html#log-files

Lints for rule khmer_uniquekmers (line 1891, /home/andy/MyStuff/PhD/pipelines/snk-chipseq/Snakefile):
    * No log directive defined:
      Without a log directive, all output will be printed to the terminal. In
      distributed environments, this means that errors are harder to discover.
      In local environments, output of concurrent jobs will be mixed and become
      unreadable.
      Also see:
      https://snakemake.readthedocs.io/en/stable/snakefiles/rules.html#log-files
    * Shell command directly uses variable FASTA_NAME from outside of the rule:
      It is recommended to pass all files as input and output, and non-file
      parameters via the params directive. Otherwise, provenance tracking is
      less accurate.
      Also see:
      https://snakemake.readthedocs.io/en/stable/snakefiles/rules.html#non-file-parameters-for-rules
    * Shell command directly uses variable FASTA_NAME from outside of the rule:
      It is recommended to pass all files as input and output, and non-file
      parameters via the params directive. Otherwise, provenance tracking is
      less accurate.
      Also see:
      https://snakemake.readthedocs.io/en/stable/snakefiles/rules.html#non-file-parameters-for-rules

Lints for rule macs3_callpeak (line 1949, /home/andy/MyStuff/PhD/pipelines/snk-chipseq/Snakefile):
    * No log directive defined:
      Without a log directive, all output will be printed to the terminal. In
      distributed environments, this means that errors are harder to discover.
      In local environments, output of concurrent jobs will be mixed and become
      unreadable.
      Also see:
      https://snakemake.readthedocs.io/en/stable/snakefiles/rules.html#log-files
    * Param outdir is a prefix of input or output file but hardcoded:
      If this is meant to represent a file path prefix, it will fail when
      running workflow in environments without a shared filesystem. Instead,
      provide a function that infers the appropriate prefix from the input or
      output file, e.g.: lambda w, input: os.path.splitext(input[0])[0]
      Also see:
      https://snakemake.readthedocs.io/en/stable/snakefiles/rules.html#non-file-parameters-for-rules
      https://snakemake.readthedocs.io/en/stable/tutorial/advanced.html#tutorial-input-functions

Lints for rule peak_summary (line 1979, /home/andy/MyStuff/PhD/pipelines/snk-chipseq/Snakefile):
    * No log directive defined:
      Without a log directive, all output will be printed to the terminal. In
      distributed environments, this means that errors are harder to discover.
      In local environments, output of concurrent jobs will be mixed and become
      unreadable.
      Also see:
      https://snakemake.readthedocs.io/en/stable/snakefiles/rules.html#log-files
    * Migrate long run directives into scripts or notebooks:
      Long run directives hamper workflow readability. Use the script or
      notebook directive instead. Note that the script or notebook directive
      does not involve boilerplate. Similar to run, you will have direct access
      to params, input, output, and wildcards.Only use the run directive for a
      handful of lines.
      Also see:
      https://snakemake.readthedocs.io/en/latest/snakefiles/rules.html#external-scripts
      https://snakemake.readthedocs.io/en/latest/snakefiles/rules.html#jupyter-notebook-integration

Lints for rule frip_score (line 1993, /home/andy/MyStuff/PhD/pipelines/snk-chipseq/Snakefile):
    * No log directive defined:
      Without a log directive, all output will be printed to the terminal. In
      distributed environments, this means that errors are harder to discover.
      In local environments, output of concurrent jobs will be mixed and become
      unreadable.
      Also see:
      https://snakemake.readthedocs.io/en/stable/snakefiles/rules.html#log-files

Lints for rule multiqc_custom_peaks (line 2021, /home/andy/MyStuff/PhD/pipelines/snk-chipseq/Snakefile):
    * No log directive defined:
      Without a log directive, all output will be printed to the terminal. In
      distributed environments, this means that errors are harder to discover.
      In local environments, output of concurrent jobs will be mixed and become
      unreadable.
      Also see:
      https://snakemake.readthedocs.io/en/stable/snakefiles/rules.html#log-files

Lints for rule homer_annotatepeaks (line 2043, /home/andy/MyStuff/PhD/pipelines/snk-chipseq/Snakefile):
    * No log directive defined:
      Without a log directive, all output will be printed to the terminal. In
      distributed environments, this means that errors are harder to discover.
      In local environments, output of concurrent jobs will be mixed and become
      unreadable.
      Also see:
      https://snakemake.readthedocs.io/en/stable/snakefiles/rules.html#log-files
    * Shell command directly uses variable FASTA_NAME from outside of the rule:
      It is recommended to pass all files as input and output, and non-file
      parameters via the params directive. Otherwise, provenance tracking is
      less accurate.
      Also see:
      https://snakemake.readthedocs.io/en/stable/snakefiles/rules.html#non-file-parameters-for-rules
    * Shell command directly uses variable GTF_NAME from outside of the rule:
      It is recommended to pass all files as input and output, and non-file
      parameters via the params directive. Otherwise, provenance tracking is
      less accurate.
      Also see:
      https://snakemake.readthedocs.io/en/stable/snakefiles/rules.html#non-file-parameters-for-rules
    * Shell command directly uses variable FASTA_NAME from outside of the rule:
      It is recommended to pass all files as input and output, and non-file
      parameters via the params directive. Otherwise, provenance tracking is
      less accurate.
      Also see:
      https://snakemake.readthedocs.io/en/stable/snakefiles/rules.html#non-file-parameters-for-rules
    * Shell command directly uses variable GTF_NAME from outside of the rule:
      It is recommended to pass all files as input and output, and non-file
      parameters via the params directive. Otherwise, provenance tracking is
      less accurate.
      Also see:
      https://snakemake.readthedocs.io/en/stable/snakefiles/rules.html#non-file-parameters-for-rules

Lints for rule plot_macs3_qc (line 2076, /home/andy/MyStuff/PhD/pipelines/snk-chipseq/Snakefile):
    * No log directive defined:
      Without a log directive, all output will be printed to the terminal. In
      distributed environments, this means that errors are harder to discover.
      In local environments, output of concurrent jobs will be mixed and become
      unreadable.
      Also see:
      https://snakemake.readthedocs.io/en/stable/snakefiles/rules.html#log-files
    * Shell command directly uses variable SCRIPTS from outside of the rule:
      It is recommended to pass all files as input and output, and non-file
      parameters via the params directive. Otherwise, provenance tracking is
      less accurate.
      Also see:
      https://snakemake.readthedocs.io/en/stable/snakefiles/rules.html#non-file-parameters-for-rules

Lints for rule plot_homer_annotatepeaks (line 2103, /home/andy/MyStuff/PhD/pipelines/snk-chipseq/Snakefile):
    * No log directive defined:
      Without a log directive, all output will be printed to the terminal. In
      distributed environments, this means that errors are harder to discover.
      In local environments, output of concurrent jobs will be mixed and become
      unreadable.
      Also see:
      https://snakemake.readthedocs.io/en/stable/snakefiles/rules.html#log-files
    * Shell command directly uses variable SCRIPTS from outside of the rule:
      It is recommended to pass all files as input and output, and non-file
      parameters via the params directive. Otherwise, provenance tracking is
      less accurate.
      Also see:
      https://snakemake.readthedocs.io/en/stable/snakefiles/rules.html#non-file-parameters-for-rules

Lints for rule macs3_consensus (line 2142, /home/andy/MyStuff/PhD/pipelines/snk-chipseq/Snakefile):
    * No log directive defined:
      Without a log directive, all output will be printed to the terminal. In
      distributed environments, this means that errors are harder to discover.
      In local environments, output of concurrent jobs will be mixed and become
      unreadable.
      Also see:
      https://snakemake.readthedocs.io/en/stable/snakefiles/rules.html#log-files
    * Shell command directly uses variable SCRIPTS from outside of the rule:
      It is recommended to pass all files as input and output, and non-file
      parameters via the params directive. Otherwise, provenance tracking is
      less accurate.
      Also see:
      https://snakemake.readthedocs.io/en/stable/snakefiles/rules.html#non-file-parameters-for-rules
    * Shell command directly uses variable SCRIPTS from outside of the rule:
      It is recommended to pass all files as input and output, and non-file
      parameters via the params directive. Otherwise, provenance tracking is
      less accurate.
      Also see:
      https://snakemake.readthedocs.io/en/stable/snakefiles/rules.html#non-file-parameters-for-rules

Lints for rule homer_annotatepeaks_consensus (line 2191, /home/andy/MyStuff/PhD/pipelines/snk-chipseq/Snakefile):
    * No log directive defined:
      Without a log directive, all output will be printed to the terminal. In
      distributed environments, this means that errors are harder to discover.
      In local environments, output of concurrent jobs will be mixed and become
      unreadable.
      Also see:
      https://snakemake.readthedocs.io/en/stable/snakefiles/rules.html#log-files
    * Shell command directly uses variable FASTA_NAME from outside of the rule:
      It is recommended to pass all files as input and output, and non-file
      parameters via the params directive. Otherwise, provenance tracking is
      less accurate.
      Also see:
      https://snakemake.readthedocs.io/en/stable/snakefiles/rules.html#non-file-parameters-for-rules
    * Shell command directly uses variable GTF_NAME from outside of the rule:
      It is recommended to pass all files as input and output, and non-file
      parameters via the params directive. Otherwise, provenance tracking is
      less accurate.
      Also see:
      https://snakemake.readthedocs.io/en/stable/snakefiles/rules.html#non-file-parameters-for-rules
    * Shell command directly uses variable FASTA_NAME from outside of the rule:
      It is recommended to pass all files as input and output, and non-file
      parameters via the params directive. Otherwise, provenance tracking is
      less accurate.
      Also see:
      https://snakemake.readthedocs.io/en/stable/snakefiles/rules.html#non-file-parameters-for-rules
    * Shell command directly uses variable GTF_NAME from outside of the rule:
      It is recommended to pass all files as input and output, and non-file
      parameters via the params directive. Otherwise, provenance tracking is
      less accurate.
      Also see:
      https://snakemake.readthedocs.io/en/stable/snakefiles/rules.html#non-file-parameters-for-rules

Lints for rule annotate_boolean_peaks (line 2220, /home/andy/MyStuff/PhD/pipelines/snk-chipseq/Snakefile):
    * No log directive defined:
      Without a log directive, all output will be printed to the terminal. In
      distributed environments, this means that errors are harder to discover.
      In local environments, output of concurrent jobs will be mixed and become
      unreadable.
      Also see:
      https://snakemake.readthedocs.io/en/stable/snakefiles/rules.html#log-files

Lints for rule featurecounts (line 2247, /home/andy/MyStuff/PhD/pipelines/snk-chipseq/Snakefile):
    * No log directive defined:
      Without a log directive, all output will be printed to the terminal. In
      distributed environments, this means that errors are harder to discover.
      In local environments, output of concurrent jobs will be mixed and become
      unreadable.
      Also see:
      https://snakemake.readthedocs.io/en/stable/snakefiles/rules.html#log-files

Lints for rule deseq2_qc (line 2284, /home/andy/MyStuff/PhD/pipelines/snk-chipseq/Snakefile):
    * No log directive defined:
      Without a log directive, all output will be printed to the terminal. In
      distributed environments, this means that errors are harder to discover.
      In local environments, output of concurrent jobs will be mixed and become
      unreadable.
      Also see:
      https://snakemake.readthedocs.io/en/stable/snakefiles/rules.html#log-files
    * Shell command directly uses variable SCRIPTS from outside of the rule:
      It is recommended to pass all files as input and output, and non-file
      parameters via the params directive. Otherwise, provenance tracking is
      less accurate.
      Also see:
      https://snakemake.readthedocs.io/en/stable/snakefiles/rules.html#non-file-parameters-for-rules

Lints for rule igv (line 2342, /home/andy/MyStuff/PhD/pipelines/snk-chipseq/Snakefile):
    * No log directive defined:
      Without a log directive, all output will be printed to the terminal. In
      distributed environments, this means that errors are harder to discover.
      In local environments, output of concurrent jobs will be mixed and become
      unreadable.
      Also see:
      https://snakemake.readthedocs.io/en/stable/snakefiles/rules.html#log-files
    * Shell command directly uses variable ALIGNER from outside of the rule:
      It is recommended to pass all files as input and output, and non-file
      parameters via the params directive. Otherwise, provenance tracking is
      less accurate.
      Also see:
      https://snakemake.readthedocs.io/en/stable/snakefiles/rules.html#non-file-parameters-for-rules
    * Shell command directly uses variable PEAK_TYPE from outside of the rule:
      It is recommended to pass all files as input and output, and non-file
      parameters via the params directive. Otherwise, provenance tracking is
      less accurate.
      Also see:
      https://snakemake.readthedocs.io/en/stable/snakefiles/rules.html#non-file-parameters-for-rules
    * Shell command directly uses variable FASTA_NAME from outside of the rule:
      It is recommended to pass all files as input and output, and non-file
      parameters via the params directive. Otherwise, provenance tracking is
      less accurate.
      Also see:
      https://snakemake.readthedocs.io/en/stable/snakefiles/rules.html#non-file-parameters-for-rules
    * Shell command directly uses variable PEAK_TYPE from outside of the rule:
      It is recommended to pass all files as input and output, and non-file
      parameters via the params directive. Otherwise, provenance tracking is
      less accurate.
      Also see:
      https://snakemake.readthedocs.io/en/stable/snakefiles/rules.html#non-file-parameters-for-rules
    * Shell command directly uses variable PEAK_TYPE from outside of the rule:
      It is recommended to pass all files as input and output, and non-file
      parameters via the params directive. Otherwise, provenance tracking is
      less accurate.
      Also see:
      https://snakemake.readthedocs.io/en/stable/snakefiles/rules.html#non-file-parameters-for-rules
    * Shell command directly uses variable SCRIPTS from outside of the rule:
      It is recommended to pass all files as input and output, and non-file
      parameters via the params directive. Otherwise, provenance tracking is
      less accurate.
      Also see:
      https://snakemake.readthedocs.io/en/stable/snakefiles/rules.html#non-file-parameters-for-rules
    * Shell command directly uses variable FASTA_NAME from outside of the rule:
      It is recommended to pass all files as input and output, and non-file
      parameters via the params directive. Otherwise, provenance tracking is
      less accurate.
      Also see:
      https://snakemake.readthedocs.io/en/stable/snakefiles/rules.html#non-file-parameters-for-rules

Lints for rule multiqc (line 2439, /home/andy/MyStuff/PhD/pipelines/snk-chipseq/Snakefile):
    * No log directive defined:
      Without a log directive, all output will be printed to the terminal. In
      distributed environments, this means that errors are harder to discover.
      In local environments, output of concurrent jobs will be mixed and become
      unreadable.
      Also see:
      https://snakemake.readthedocs.io/en/stable/snakefiles/rules.html#log-files

