Config file config/config.yaml is extended by additional config specified via the command line.
Config file config/containers.yaml is extended by additional config specified via the command line.
Lints for snakefile /home/andy/MyStuff/PhD/pipelines/snk-hic/Snakefile:
    * Absolute path "/R1_" in line 127:
      Do not define absolute paths inside of the workflow, since this renders
      your workflow irreproducible on other machines. Use path relative to the
      working directory instead, or make the path configurable via a config
      file.
      Also see:
      https://snakemake.readthedocs.io/en/latest/snakefiles/configuration.html#configuration
    * Absolute path "/R2_" in line 127:
      Do not define absolute paths inside of the workflow, since this renders
      your workflow irreproducible on other machines. Use path relative to the
      working directory instead, or make the path configurable via a config
      file.
      Also see:
      https://snakemake.readthedocs.io/en/latest/snakefiles/configuration.html#configuration

Lints for rule fetch_remote (line 203, /home/andy/MyStuff/PhD/pipelines/snk-hic/Snakefile):
    * No log directive defined:
      Without a log directive, all output will be printed to the terminal. In
      distributed environments, this means that errors are harder to discover.
      In local environments, output of concurrent jobs will be mixed and become
      unreadable.
      Also see:
      https://snakemake.readthedocs.io/en/stable/snakefiles/rules.html#log-files
    * Migrate long run directives into scripts or notebooks:
      Long run directives hamper workflow readability. Use the script or
      notebook directive instead. Note that the script or notebook directive
      does not involve boilerplate. Similar to run, you will have direct access
      to params, input, output, and wildcards.Only use the run directive for a
      handful of lines.
      Also see:
      https://snakemake.readthedocs.io/en/latest/snakefiles/rules.html#external-scripts
      https://snakemake.readthedocs.io/en/latest/snakefiles/rules.html#jupyter-notebook-integration

Lints for rule samplesheet_check (line 218, /home/andy/MyStuff/PhD/pipelines/snk-hic/Snakefile):
    * No log directive defined:
      Without a log directive, all output will be printed to the terminal. In
      distributed environments, this means that errors are harder to discover.
      In local environments, output of concurrent jobs will be mixed and become
      unreadable.
      Also see:
      https://snakemake.readthedocs.io/en/stable/snakefiles/rules.html#log-files
    * Shell command directly uses variable SCRIPTS from outside of the rule:
      It is recommended to pass all files as input and output, and non-file
      parameters via the params directive. Otherwise, provenance tracking is
      less accurate.
      Also see:
      https://snakemake.readthedocs.io/en/stable/snakefiles/rules.html#non-file-parameters-for-rules

Lints for rule split_fastq (line 233, /home/andy/MyStuff/PhD/pipelines/snk-hic/Snakefile):
    * No log directive defined:
      Without a log directive, all output will be printed to the terminal. In
      distributed environments, this means that errors are harder to discover.
      In local environments, output of concurrent jobs will be mixed and become
      unreadable.
      Also see:
      https://snakemake.readthedocs.io/en/stable/snakefiles/rules.html#log-files

Lints for rule getchromsizes (line 283, /home/andy/MyStuff/PhD/pipelines/snk-hic/Snakefile):
    * No log directive defined:
      Without a log directive, all output will be printed to the terminal. In
      distributed environments, this means that errors are harder to discover.
      In local environments, output of concurrent jobs will be mixed and become
      unreadable.
      Also see:
      https://snakemake.readthedocs.io/en/stable/snakefiles/rules.html#log-files

Lints for rule get_restriction_fragments (line 302, /home/andy/MyStuff/PhD/pipelines/snk-hic/Snakefile):
    * No log directive defined:
      Without a log directive, all output will be printed to the terminal. In
      distributed environments, this means that errors are harder to discover.
      In local environments, output of concurrent jobs will be mixed and become
      unreadable.
      Also see:
      https://snakemake.readthedocs.io/en/stable/snakefiles/rules.html#log-files
    * Shell command directly uses variable SCRIPTS from outside of the rule:
      It is recommended to pass all files as input and output, and non-file
      parameters via the params directive. Otherwise, provenance tracking is
      less accurate.
      Also see:
      https://snakemake.readthedocs.io/en/stable/snakefiles/rules.html#non-file-parameters-for-rules

Lints for rule trim_reads (line 389, /home/andy/MyStuff/PhD/pipelines/snk-hic/Snakefile):
    * No log directive defined:
      Without a log directive, all output will be printed to the terminal. In
      distributed environments, this means that errors are harder to discover.
      In local environments, output of concurrent jobs will be mixed and become
      unreadable.
      Also see:
      https://snakemake.readthedocs.io/en/stable/snakefiles/rules.html#log-files
    * Shell command directly uses variable SCRIPTS from outside of the rule:
      It is recommended to pass all files as input and output, and non-file
      parameters via the params directive. Otherwise, provenance tracking is
      less accurate.
      Also see:
      https://snakemake.readthedocs.io/en/stable/snakefiles/rules.html#non-file-parameters-for-rules

Lints for rule merge_bowtie2 (line 440, /home/andy/MyStuff/PhD/pipelines/snk-hic/Snakefile):
    * No log directive defined:
      Without a log directive, all output will be printed to the terminal. In
      distributed environments, this means that errors are harder to discover.
      In local environments, output of concurrent jobs will be mixed and become
      unreadable.
      Also see:
      https://snakemake.readthedocs.io/en/stable/snakefiles/rules.html#log-files

Lints for rule combine_mates (line 507, /home/andy/MyStuff/PhD/pipelines/snk-hic/Snakefile):
    * No log directive defined:
      Without a log directive, all output will be printed to the terminal. In
      distributed environments, this means that errors are harder to discover.
      In local environments, output of concurrent jobs will be mixed and become
      unreadable.
      Also see:
      https://snakemake.readthedocs.io/en/stable/snakefiles/rules.html#log-files
    * Shell command directly uses variable SCRIPTS from outside of the rule:
      It is recommended to pass all files as input and output, and non-file
      parameters via the params directive. Otherwise, provenance tracking is
      less accurate.
      Also see:
      https://snakemake.readthedocs.io/en/stable/snakefiles/rules.html#non-file-parameters-for-rules

Lints for rule get_valid_interaction (line 536, /home/andy/MyStuff/PhD/pipelines/snk-hic/Snakefile):
    * No log directive defined:
      Without a log directive, all output will be printed to the terminal. In
      distributed environments, this means that errors are harder to discover.
      In local environments, output of concurrent jobs will be mixed and become
      unreadable.
      Also see:
      https://snakemake.readthedocs.io/en/stable/snakefiles/rules.html#log-files
    * Shell command directly uses variable SCRIPTS from outside of the rule:
      It is recommended to pass all files as input and output, and non-file
      parameters via the params directive. Otherwise, provenance tracking is
      less accurate.
      Also see:
      https://snakemake.readthedocs.io/en/stable/snakefiles/rules.html#non-file-parameters-for-rules

Lints for rule merge_valid_interaction (line 592, /home/andy/MyStuff/PhD/pipelines/snk-hic/Snakefile):
    * No log directive defined:
      Without a log directive, all output will be printed to the terminal. In
      distributed environments, this means that errors are harder to discover.
      In local environments, output of concurrent jobs will be mixed and become
      unreadable.
      Also see:
      https://snakemake.readthedocs.io/en/stable/snakefiles/rules.html#log-files
    * Shell command directly uses variable SCRIPTS from outside of the rule:
      It is recommended to pass all files as input and output, and non-file
      parameters via the params directive. Otherwise, provenance tracking is
      less accurate.
      Also see:
      https://snakemake.readthedocs.io/en/stable/snakefiles/rules.html#non-file-parameters-for-rules

Lints for rule merge_mapstats (line 619, /home/andy/MyStuff/PhD/pipelines/snk-hic/Snakefile):
    * No log directive defined:
      Without a log directive, all output will be printed to the terminal. In
      distributed environments, this means that errors are harder to discover.
      In local environments, output of concurrent jobs will be mixed and become
      unreadable.
      Also see:
      https://snakemake.readthedocs.io/en/stable/snakefiles/rules.html#log-files
    * Shell command directly uses variable SCRIPTS from outside of the rule:
      It is recommended to pass all files as input and output, and non-file
      parameters via the params directive. Otherwise, provenance tracking is
      less accurate.
      Also see:
      https://snakemake.readthedocs.io/en/stable/snakefiles/rules.html#non-file-parameters-for-rules

Lints for rule merge_pairstats (line 634, /home/andy/MyStuff/PhD/pipelines/snk-hic/Snakefile):
    * No log directive defined:
      Without a log directive, all output will be printed to the terminal. In
      distributed environments, this means that errors are harder to discover.
      In local environments, output of concurrent jobs will be mixed and become
      unreadable.
      Also see:
      https://snakemake.readthedocs.io/en/stable/snakefiles/rules.html#log-files
    * Shell command directly uses variable SCRIPTS from outside of the rule:
      It is recommended to pass all files as input and output, and non-file
      parameters via the params directive. Otherwise, provenance tracking is
      less accurate.
      Also see:
      https://snakemake.readthedocs.io/en/stable/snakefiles/rules.html#non-file-parameters-for-rules

Lints for rule merge_rsstats (line 649, /home/andy/MyStuff/PhD/pipelines/snk-hic/Snakefile):
    * No log directive defined:
      Without a log directive, all output will be printed to the terminal. In
      distributed environments, this means that errors are harder to discover.
      In local environments, output of concurrent jobs will be mixed and become
      unreadable.
      Also see:
      https://snakemake.readthedocs.io/en/stable/snakefiles/rules.html#log-files
    * Shell command directly uses variable SCRIPTS from outside of the rule:
      It is recommended to pass all files as input and output, and non-file
      parameters via the params directive. Otherwise, provenance tracking is
      less accurate.
      Also see:
      https://snakemake.readthedocs.io/en/stable/snakefiles/rules.html#non-file-parameters-for-rules

Lints for rule hicpro2pairs (line 664, /home/andy/MyStuff/PhD/pipelines/snk-hic/Snakefile):
    * No log directive defined:
      Without a log directive, all output will be printed to the terminal. In
      distributed environments, this means that errors are harder to discover.
      In local environments, output of concurrent jobs will be mixed and become
      unreadable.
      Also see:
      https://snakemake.readthedocs.io/en/stable/snakefiles/rules.html#log-files

Lints for rule build_contact_maps (line 683, /home/andy/MyStuff/PhD/pipelines/snk-hic/Snakefile):
    * No log directive defined:
      Without a log directive, all output will be printed to the terminal. In
      distributed environments, this means that errors are harder to discover.
      In local environments, output of concurrent jobs will be mixed and become
      unreadable.
      Also see:
      https://snakemake.readthedocs.io/en/stable/snakefiles/rules.html#log-files
    * Shell command directly uses variable SCRIPTS from outside of the rule:
      It is recommended to pass all files as input and output, and non-file
      parameters via the params directive. Otherwise, provenance tracking is
      less accurate.
      Also see:
      https://snakemake.readthedocs.io/en/stable/snakefiles/rules.html#non-file-parameters-for-rules

Lints for rule ice_normalization (line 710, /home/andy/MyStuff/PhD/pipelines/snk-hic/Snakefile):
    * No log directive defined:
      Without a log directive, all output will be printed to the terminal. In
      distributed environments, this means that errors are harder to discover.
      In local environments, output of concurrent jobs will be mixed and become
      unreadable.
      Also see:
      https://snakemake.readthedocs.io/en/stable/snakefiles/rules.html#log-files

Lints for rule cooler_makebins (line 741, /home/andy/MyStuff/PhD/pipelines/snk-hic/Snakefile):
    * No log directive defined:
      Without a log directive, all output will be printed to the terminal. In
      distributed environments, this means that errors are harder to discover.
      In local environments, output of concurrent jobs will be mixed and become
      unreadable.
      Also see:
      https://snakemake.readthedocs.io/en/stable/snakefiles/rules.html#log-files

Lints for rule cooler_cload (line 756, /home/andy/MyStuff/PhD/pipelines/snk-hic/Snakefile):
    * No log directive defined:
      Without a log directive, all output will be printed to the terminal. In
      distributed environments, this means that errors are harder to discover.
      In local environments, output of concurrent jobs will be mixed and become
      unreadable.
      Also see:
      https://snakemake.readthedocs.io/en/stable/snakefiles/rules.html#log-files

Lints for rule cooler_balance (line 777, /home/andy/MyStuff/PhD/pipelines/snk-hic/Snakefile):
    * No log directive defined:
      Without a log directive, all output will be printed to the terminal. In
      distributed environments, this means that errors are harder to discover.
      In local environments, output of concurrent jobs will be mixed and become
      unreadable.
      Also see:
      https://snakemake.readthedocs.io/en/stable/snakefiles/rules.html#log-files

Lints for rule cooler_zoomify (line 797, /home/andy/MyStuff/PhD/pipelines/snk-hic/Snakefile):
    * No log directive defined:
      Without a log directive, all output will be printed to the terminal. In
      distributed environments, this means that errors are harder to discover.
      In local environments, output of concurrent jobs will be mixed and become
      unreadable.
      Also see:
      https://snakemake.readthedocs.io/en/stable/snakefiles/rules.html#log-files

Lints for rule cooler_dump (line 814, /home/andy/MyStuff/PhD/pipelines/snk-hic/Snakefile):
    * No log directive defined:
      Without a log directive, all output will be printed to the terminal. In
      distributed environments, this means that errors are harder to discover.
      In local environments, output of concurrent jobs will be mixed and become
      unreadable.
      Also see:
      https://snakemake.readthedocs.io/en/stable/snakefiles/rules.html#log-files

Lints for rule split_cooler_dump (line 831, /home/andy/MyStuff/PhD/pipelines/snk-hic/Snakefile):
    * No log directive defined:
      Without a log directive, all output will be printed to the terminal. In
      distributed environments, this means that errors are harder to discover.
      In local environments, output of concurrent jobs will be mixed and become
      unreadable.
      Also see:
      https://snakemake.readthedocs.io/en/stable/snakefiles/rules.html#log-files

Lints for rule hic_plot_dist_vs_counts (line 854, /home/andy/MyStuff/PhD/pipelines/snk-hic/Snakefile):
    * No log directive defined:
      Without a log directive, all output will be printed to the terminal. In
      distributed environments, this means that errors are harder to discover.
      In local environments, output of concurrent jobs will be mixed and become
      unreadable.
      Also see:
      https://snakemake.readthedocs.io/en/stable/snakefiles/rules.html#log-files

Lints for rule cooltools_eigscis (line 871, /home/andy/MyStuff/PhD/pipelines/snk-hic/Snakefile):
    * No log directive defined:
      Without a log directive, all output will be printed to the terminal. In
      distributed environments, this means that errors are harder to discover.
      In local environments, output of concurrent jobs will be mixed and become
      unreadable.
      Also see:
      https://snakemake.readthedocs.io/en/stable/snakefiles/rules.html#log-files

Lints for rule cooltools_insulation (line 899, /home/andy/MyStuff/PhD/pipelines/snk-hic/Snakefile):
    * No log directive defined:
      Without a log directive, all output will be printed to the terminal. In
      distributed environments, this means that errors are harder to discover.
      In local environments, output of concurrent jobs will be mixed and become
      unreadable.
      Also see:
      https://snakemake.readthedocs.io/en/stable/snakefiles/rules.html#log-files

Lints for rule hic_find_tads (line 916, /home/andy/MyStuff/PhD/pipelines/snk-hic/Snakefile):
    * No log directive defined:
      Without a log directive, all output will be printed to the terminal. In
      distributed environments, this means that errors are harder to discover.
      In local environments, output of concurrent jobs will be mixed and become
      unreadable.
      Also see:
      https://snakemake.readthedocs.io/en/stable/snakefiles/rules.html#log-files

Lints for rule multiqc (line 943, /home/andy/MyStuff/PhD/pipelines/snk-hic/Snakefile):
    * Do not access input and output files individually by index in shell commands:
      When individual access to input or output files is needed (i.e., just
      writing '{input}' is impossible), use names ('{input.somename}') instead
      of index based access.
      Also see:
      https://snakemake.readthedocs.io/en/latest/snakefiles/rules.html#rules
    * Shell command directly uses variable O from outside of the rule:
      It is recommended to pass all files as input and output, and non-file
      parameters via the params directive. Otherwise, provenance tracking is
      less accurate.
      Also see:
      https://snakemake.readthedocs.io/en/stable/snakefiles/rules.html#non-file-parameters-for-rules
    * Shell command directly uses variable STATDIR from outside of the rule:
      It is recommended to pass all files as input and output, and non-file
      parameters via the params directive. Otherwise, provenance tracking is
      less accurate.
      Also see:
      https://snakemake.readthedocs.io/en/stable/snakefiles/rules.html#non-file-parameters-for-rules

