Config file config/config.yaml is extended by additional config specified via the command line.
Config file config/containers.yaml is extended by additional config specified via the command line.
Lints for snakefile /home/andy/MyStuff/PhD/pipelines/snk-rnaseq/Snakefile:
    * Path composition with '+' in line 173:
      This becomes quickly unreadable. Usually, it is better to endure some
      redundancy against having a more readable workflow. Hence, just repeat
      common prefixes. If path composition is unavoidable, use pathlib or
      (python >= 3.6) string formatting with f"...".
    * Path composition with '+' in line 1190:
      This becomes quickly unreadable. Usually, it is better to endure some
      redundancy against having a more readable workflow. Hence, just repeat
      common prefixes. If path composition is unavoidable, use pathlib or
      (python >= 3.6) string formatting with f"...".
    * Path composition with '+' in line 1222:
      This becomes quickly unreadable. Usually, it is better to endure some
      redundancy against having a more readable workflow. Hence, just repeat
      common prefixes. If path composition is unavoidable, use pathlib or
      (python >= 3.6) string formatting with f"...".
    * Path composition with '+' in line 1312:
      This becomes quickly unreadable. Usually, it is better to endure some
      redundancy against having a more readable workflow. Hence, just repeat
      common prefixes. If path composition is unavoidable, use pathlib or
      (python >= 3.6) string formatting with f"...".
    * Path composition with '+' in line 1582:
      This becomes quickly unreadable. Usually, it is better to endure some
      redundancy against having a more readable workflow. Hence, just repeat
      common prefixes. If path composition is unavoidable, use pathlib or
      (python >= 3.6) string formatting with f"...".
    * Path composition with '+' in line 1616:
      This becomes quickly unreadable. Usually, it is better to endure some
      redundancy against having a more readable workflow. Hence, just repeat
      common prefixes. If path composition is unavoidable, use pathlib or
      (python >= 3.6) string formatting with f"...".
    * Path composition with '+' in line 1831:
      This becomes quickly unreadable. Usually, it is better to endure some
      redundancy against having a more readable workflow. Hence, just repeat
      common prefixes. If path composition is unavoidable, use pathlib or
      (python >= 3.6) string formatting with f"...".
    * Path composition with '+' in line 906:
      This becomes quickly unreadable. Usually, it is better to endure some
      redundancy against having a more readable workflow. Hence, just repeat
      common prefixes. If path composition is unavoidable, use pathlib or
      (python >= 3.6) string formatting with f"...".

Lints for rule fetch_remote (line 554, /home/andy/MyStuff/PhD/pipelines/snk-rnaseq/Snakefile):
    * No log directive defined:
      Without a log directive, all output will be printed to the terminal. In
      distributed environments, this means that errors are harder to discover.
      In local environments, output of concurrent jobs will be mixed and become
      unreadable.
      Also see:
      https://snakemake.readthedocs.io/en/stable/snakefiles/rules.html#log-files
    * Migrate long run directives into scripts or notebooks:
      Long run directives hamper workflow readability. Use the script or
      notebook directive instead. Note that the script or notebook directive
      does not involve boilerplate. Similar to run, you will have direct access
      to params, input, output, and wildcards.Only use the run directive for a
      handful of lines.
      Also see:
      https://snakemake.readthedocs.io/en/latest/snakefiles/rules.html#external-scripts
      https://snakemake.readthedocs.io/en/latest/snakefiles/rules.html#jupyter-notebook-integration

Lints for rule link_fasta (line 569, /home/andy/MyStuff/PhD/pipelines/snk-rnaseq/Snakefile):
    * No log directive defined:
      Without a log directive, all output will be printed to the terminal. In
      distributed environments, this means that errors are harder to discover.
      In local environments, output of concurrent jobs will be mixed and become
      unreadable.
      Also see:
      https://snakemake.readthedocs.io/en/stable/snakefiles/rules.html#log-files
    * Specify a conda environment or container for each rule.:
      This way, the used software for each specific step is documented, and the
      workflow can be executed on any machine without prerequisites.
      Also see:
      https://snakemake.readthedocs.io/en/latest/snakefiles/deployment.html#integrated-package-management
      https://snakemake.readthedocs.io/en/latest/snakefiles/deployment.html#running-jobs-in-containers

Lints for rule gunzip (line 586, /home/andy/MyStuff/PhD/pipelines/snk-rnaseq/Snakefile):
    * No log directive defined:
      Without a log directive, all output will be printed to the terminal. In
      distributed environments, this means that errors are harder to discover.
      In local environments, output of concurrent jobs will be mixed and become
      unreadable.
      Also see:
      https://snakemake.readthedocs.io/en/stable/snakefiles/rules.html#log-files

Lints for rule custom_gtffilter (line 622, /home/andy/MyStuff/PhD/pipelines/snk-rnaseq/Snakefile):
    * No log directive defined:
      Without a log directive, all output will be printed to the terminal. In
      distributed environments, this means that errors are harder to discover.
      In local environments, output of concurrent jobs will be mixed and become
      unreadable.
      Also see:
      https://snakemake.readthedocs.io/en/stable/snakefiles/rules.html#log-files
    * Shell command directly uses variable SCRIPTS from outside of the rule:
      It is recommended to pass all files as input and output, and non-file
      parameters via the params directive. Otherwise, provenance tracking is
      less accurate.
      Also see:
      https://snakemake.readthedocs.io/en/stable/snakefiles/rules.html#non-file-parameters-for-rules

Lints for rule custom_catadditionalfasta (line 648, /home/andy/MyStuff/PhD/pipelines/snk-rnaseq/Snakefile):
    * No log directive defined:
      Without a log directive, all output will be printed to the terminal. In
      distributed environments, this means that errors are harder to discover.
      In local environments, output of concurrent jobs will be mixed and become
      unreadable.
      Also see:
      https://snakemake.readthedocs.io/en/stable/snakefiles/rules.html#log-files
    * Shell command directly uses variable SCRIPTS from outside of the rule:
      It is recommended to pass all files as input and output, and non-file
      parameters via the params directive. Otherwise, provenance tracking is
      less accurate.
      Also see:
      https://snakemake.readthedocs.io/en/stable/snakefiles/rules.html#non-file-parameters-for-rules

Lints for rule eautils_gtf2bed (line 680, /home/andy/MyStuff/PhD/pipelines/snk-rnaseq/Snakefile):
    * No log directive defined:
      Without a log directive, all output will be printed to the terminal. In
      distributed environments, this means that errors are harder to discover.
      In local environments, output of concurrent jobs will be mixed and become
      unreadable.
      Also see:
      https://snakemake.readthedocs.io/en/stable/snakefiles/rules.html#log-files
    * Shell command directly uses variable SCRIPTS from outside of the rule:
      It is recommended to pass all files as input and output, and non-file
      parameters via the params directive. Otherwise, provenance tracking is
      less accurate.
      Also see:
      https://snakemake.readthedocs.io/en/stable/snakefiles/rules.html#non-file-parameters-for-rules

Lints for rule samtools_faidx (line 768, /home/andy/MyStuff/PhD/pipelines/snk-rnaseq/Snakefile):
    * No log directive defined:
      Without a log directive, all output will be printed to the terminal. In
      distributed environments, this means that errors are harder to discover.
      In local environments, output of concurrent jobs will be mixed and become
      unreadable.
      Also see:
      https://snakemake.readthedocs.io/en/stable/snakefiles/rules.html#log-files

Lints for rule untar (line 791, /home/andy/MyStuff/PhD/pipelines/snk-rnaseq/Snakefile):
    * No log directive defined:
      Without a log directive, all output will be printed to the terminal. In
      distributed environments, this means that errors are harder to discover.
      In local environments, output of concurrent jobs will be mixed and become
      unreadable.
      Also see:
      https://snakemake.readthedocs.io/en/stable/snakefiles/rules.html#log-files

Lints for rule bbsplit_index (line 817, /home/andy/MyStuff/PhD/pipelines/snk-rnaseq/Snakefile):
    * No log directive defined:
      Without a log directive, all output will be printed to the terminal. In
      distributed environments, this means that errors are harder to discover.
      In local environments, output of concurrent jobs will be mixed and become
      unreadable.
      Also see:
      https://snakemake.readthedocs.io/en/stable/snakefiles/rules.html#log-files

Lints for rule star_genomegenerate (line 849, /home/andy/MyStuff/PhD/pipelines/snk-rnaseq/Snakefile):
    * No log directive defined:
      Without a log directive, all output will be printed to the terminal. In
      distributed environments, this means that errors are harder to discover.
      In local environments, output of concurrent jobs will be mixed and become
      unreadable.
      Also see:
      https://snakemake.readthedocs.io/en/stable/snakefiles/rules.html#log-files

Lints for rule cat_fastq_se (line 914, /home/andy/MyStuff/PhD/pipelines/snk-rnaseq/Snakefile):
    * No log directive defined:
      Without a log directive, all output will be printed to the terminal. In
      distributed environments, this means that errors are harder to discover.
      In local environments, output of concurrent jobs will be mixed and become
      unreadable.
      Also see:
      https://snakemake.readthedocs.io/en/stable/snakefiles/rules.html#log-files

Lints for rule cat_fastq_pe (line 930, /home/andy/MyStuff/PhD/pipelines/snk-rnaseq/Snakefile):
    * No log directive defined:
      Without a log directive, all output will be printed to the terminal. In
      distributed environments, this means that errors are harder to discover.
      In local environments, output of concurrent jobs will be mixed and become
      unreadable.
      Also see:
      https://snakemake.readthedocs.io/en/stable/snakefiles/rules.html#log-files

Lints for rule fq_lint (line 961, /home/andy/MyStuff/PhD/pipelines/snk-rnaseq/Snakefile):
    * No log directive defined:
      Without a log directive, all output will be printed to the terminal. In
      distributed environments, this means that errors are harder to discover.
      In local environments, output of concurrent jobs will be mixed and become
      unreadable.
      Also see:
      https://snakemake.readthedocs.io/en/stable/snakefiles/rules.html#log-files

Lints for rule fastqc (line 987, /home/andy/MyStuff/PhD/pipelines/snk-rnaseq/Snakefile):
    * No log directive defined:
      Without a log directive, all output will be printed to the terminal. In
      distributed environments, this means that errors are harder to discover.
      In local environments, output of concurrent jobs will be mixed and become
      unreadable.
      Also see:
      https://snakemake.readthedocs.io/en/stable/snakefiles/rules.html#log-files

Lints for rule trimgalore_pe (line 1043, /home/andy/MyStuff/PhD/pipelines/snk-rnaseq/Snakefile):
    * No log directive defined:
      Without a log directive, all output will be printed to the terminal. In
      distributed environments, this means that errors are harder to discover.
      In local environments, output of concurrent jobs will be mixed and become
      unreadable.
      Also see:
      https://snakemake.readthedocs.io/en/stable/snakefiles/rules.html#log-files

Lints for rule trimgalore_se (line 1085, /home/andy/MyStuff/PhD/pipelines/snk-rnaseq/Snakefile):
    * No log directive defined:
      Without a log directive, all output will be printed to the terminal. In
      distributed environments, this means that errors are harder to discover.
      In local environments, output of concurrent jobs will be mixed and become
      unreadable.
      Also see:
      https://snakemake.readthedocs.io/en/stable/snakefiles/rules.html#log-files

Lints for rule trim_status (line 1118, /home/andy/MyStuff/PhD/pipelines/snk-rnaseq/Snakefile):
    * No log directive defined:
      Without a log directive, all output will be printed to the terminal. In
      distributed environments, this means that errors are harder to discover.
      In local environments, output of concurrent jobs will be mixed and become
      unreadable.
      Also see:
      https://snakemake.readthedocs.io/en/stable/snakefiles/rules.html#log-files
    * Migrate long run directives into scripts or notebooks:
      Long run directives hamper workflow readability. Use the script or
      notebook directive instead. Note that the script or notebook directive
      does not involve boilerplate. Similar to run, you will have direct access
      to params, input, output, and wildcards.Only use the run directive for a
      handful of lines.
      Also see:
      https://snakemake.readthedocs.io/en/latest/snakefiles/rules.html#external-scripts
      https://snakemake.readthedocs.io/en/latest/snakefiles/rules.html#jupyter-notebook-integration

Lints for rule trim_summary (line 1130, /home/andy/MyStuff/PhD/pipelines/snk-rnaseq/Snakefile):
    * No log directive defined:
      Without a log directive, all output will be printed to the terminal. In
      distributed environments, this means that errors are harder to discover.
      In local environments, output of concurrent jobs will be mixed and become
      unreadable.
      Also see:
      https://snakemake.readthedocs.io/en/stable/snakefiles/rules.html#log-files
    * Migrate long run directives into scripts or notebooks:
      Long run directives hamper workflow readability. Use the script or
      notebook directive instead. Note that the script or notebook directive
      does not involve boilerplate. Similar to run, you will have direct access
      to params, input, output, and wildcards.Only use the run directive for a
      handful of lines.
      Also see:
      https://snakemake.readthedocs.io/en/latest/snakefiles/rules.html#external-scripts
      https://snakemake.readthedocs.io/en/latest/snakefiles/rules.html#jupyter-notebook-integration

Lints for rule bbsplit_pe (line 1169, /home/andy/MyStuff/PhD/pipelines/snk-rnaseq/Snakefile):
    * No log directive defined:
      Without a log directive, all output will be printed to the terminal. In
      distributed environments, this means that errors are harder to discover.
      In local environments, output of concurrent jobs will be mixed and become
      unreadable.
      Also see:
      https://snakemake.readthedocs.io/en/stable/snakefiles/rules.html#log-files
    * Shell command directly uses variable BBSPLIT_ARGS from outside of the rule:
      It is recommended to pass all files as input and output, and non-file
      parameters via the params directive. Otherwise, provenance tracking is
      less accurate.
      Also see:
      https://snakemake.readthedocs.io/en/stable/snakefiles/rules.html#non-file-parameters-for-rules

Lints for rule bbsplit_se (line 1202, /home/andy/MyStuff/PhD/pipelines/snk-rnaseq/Snakefile):
    * No log directive defined:
      Without a log directive, all output will be printed to the terminal. In
      distributed environments, this means that errors are harder to discover.
      In local environments, output of concurrent jobs will be mixed and become
      unreadable.
      Also see:
      https://snakemake.readthedocs.io/en/stable/snakefiles/rules.html#log-files
    * Shell command directly uses variable BBSPLIT_ARGS from outside of the rule:
      It is recommended to pass all files as input and output, and non-file
      parameters via the params directive. Otherwise, provenance tracking is
      less accurate.
      Also see:
      https://snakemake.readthedocs.io/en/stable/snakefiles/rules.html#non-file-parameters-for-rules

Lints for rule fq_subsample (line 1233, /home/andy/MyStuff/PhD/pipelines/snk-rnaseq/Snakefile):
    * No log directive defined:
      Without a log directive, all output will be printed to the terminal. In
      distributed environments, this means that errors are harder to discover.
      In local environments, output of concurrent jobs will be mixed and become
      unreadable.
      Also see:
      https://snakemake.readthedocs.io/en/stable/snakefiles/rules.html#log-files

Lints for rule salmon_strand (line 1258, /home/andy/MyStuff/PhD/pipelines/snk-rnaseq/Snakefile):
    * No log directive defined:
      Without a log directive, all output will be printed to the terminal. In
      distributed environments, this means that errors are harder to discover.
      In local environments, output of concurrent jobs will be mixed and become
      unreadable.
      Also see:
      https://snakemake.readthedocs.io/en/stable/snakefiles/rules.html#log-files

Lints for rule strandedness (line 1288, /home/andy/MyStuff/PhD/pipelines/snk-rnaseq/Snakefile):
    * No log directive defined:
      Without a log directive, all output will be printed to the terminal. In
      distributed environments, this means that errors are harder to discover.
      In local environments, output of concurrent jobs will be mixed and become
      unreadable.
      Also see:
      https://snakemake.readthedocs.io/en/stable/snakefiles/rules.html#log-files
    * Migrate long run directives into scripts or notebooks:
      Long run directives hamper workflow readability. Use the script or
      notebook directive instead. Note that the script or notebook directive
      does not involve boilerplate. Similar to run, you will have direct access
      to params, input, output, and wildcards.Only use the run directive for a
      handful of lines.
      Also see:
      https://snakemake.readthedocs.io/en/latest/snakefiles/rules.html#external-scripts
      https://snakemake.readthedocs.io/en/latest/snakefiles/rules.html#jupyter-notebook-integration

Lints for rule star_align (line 1353, /home/andy/MyStuff/PhD/pipelines/snk-rnaseq/Snakefile):
    * No log directive defined:
      Without a log directive, all output will be printed to the terminal. In
      distributed environments, this means that errors are harder to discover.
      In local environments, output of concurrent jobs will be mixed and become
      unreadable.
      Also see:
      https://snakemake.readthedocs.io/en/stable/snakefiles/rules.html#log-files

Lints for rule map_status (line 1399, /home/andy/MyStuff/PhD/pipelines/snk-rnaseq/Snakefile):
    * No log directive defined:
      Without a log directive, all output will be printed to the terminal. In
      distributed environments, this means that errors are harder to discover.
      In local environments, output of concurrent jobs will be mixed and become
      unreadable.
      Also see:
      https://snakemake.readthedocs.io/en/stable/snakefiles/rules.html#log-files
    * Migrate long run directives into scripts or notebooks:
      Long run directives hamper workflow readability. Use the script or
      notebook directive instead. Note that the script or notebook directive
      does not involve boilerplate. Similar to run, you will have direct access
      to params, input, output, and wildcards.Only use the run directive for a
      handful of lines.
      Also see:
      https://snakemake.readthedocs.io/en/latest/snakefiles/rules.html#external-scripts
      https://snakemake.readthedocs.io/en/latest/snakefiles/rules.html#jupyter-notebook-integration

Lints for rule sample_summary (line 1411, /home/andy/MyStuff/PhD/pipelines/snk-rnaseq/Snakefile):
    * No log directive defined:
      Without a log directive, all output will be printed to the terminal. In
      distributed environments, this means that errors are harder to discover.
      In local environments, output of concurrent jobs will be mixed and become
      unreadable.
      Also see:
      https://snakemake.readthedocs.io/en/stable/snakefiles/rules.html#log-files
    * Migrate long run directives into scripts or notebooks:
      Long run directives hamper workflow readability. Use the script or
      notebook directive instead. Note that the script or notebook directive
      does not involve boilerplate. Similar to run, you will have direct access
      to params, input, output, and wildcards.Only use the run directive for a
      handful of lines.
      Also see:
      https://snakemake.readthedocs.io/en/latest/snakefiles/rules.html#external-scripts
      https://snakemake.readthedocs.io/en/latest/snakefiles/rules.html#jupyter-notebook-integration

Lints for rule samtools_sort (line 1429, /home/andy/MyStuff/PhD/pipelines/snk-rnaseq/Snakefile):
    * No log directive defined:
      Without a log directive, all output will be printed to the terminal. In
      distributed environments, this means that errors are harder to discover.
      In local environments, output of concurrent jobs will be mixed and become
      unreadable.
      Also see:
      https://snakemake.readthedocs.io/en/stable/snakefiles/rules.html#log-files

Lints for rule samtools_index_sorted (line 1456, /home/andy/MyStuff/PhD/pipelines/snk-rnaseq/Snakefile):
    * No log directive defined:
      Without a log directive, all output will be printed to the terminal. In
      distributed environments, this means that errors are harder to discover.
      In local environments, output of concurrent jobs will be mixed and become
      unreadable.
      Also see:
      https://snakemake.readthedocs.io/en/stable/snakefiles/rules.html#log-files

Lints for rule samtools_stats (line 1477, /home/andy/MyStuff/PhD/pipelines/snk-rnaseq/Snakefile):
    * No log directive defined:
      Without a log directive, all output will be printed to the terminal. In
      distributed environments, this means that errors are harder to discover.
      In local environments, output of concurrent jobs will be mixed and become
      unreadable.
      Also see:
      https://snakemake.readthedocs.io/en/stable/snakefiles/rules.html#log-files

Lints for rule samtools_flagstat (line 1501, /home/andy/MyStuff/PhD/pipelines/snk-rnaseq/Snakefile):
    * No log directive defined:
      Without a log directive, all output will be printed to the terminal. In
      distributed environments, this means that errors are harder to discover.
      In local environments, output of concurrent jobs will be mixed and become
      unreadable.
      Also see:
      https://snakemake.readthedocs.io/en/stable/snakefiles/rules.html#log-files

Lints for rule samtools_idxstats (line 1516, /home/andy/MyStuff/PhD/pipelines/snk-rnaseq/Snakefile):
    * No log directive defined:
      Without a log directive, all output will be printed to the terminal. In
      distributed environments, this means that errors are harder to discover.
      In local environments, output of concurrent jobs will be mixed and become
      unreadable.
      Also see:
      https://snakemake.readthedocs.io/en/stable/snakefiles/rules.html#log-files

Lints for rule salmon_quant_bam (line 1562, /home/andy/MyStuff/PhD/pipelines/snk-rnaseq/Snakefile):
    * No log directive defined:
      Without a log directive, all output will be printed to the terminal. In
      distributed environments, this means that errors are harder to discover.
      In local environments, output of concurrent jobs will be mixed and become
      unreadable.
      Also see:
      https://snakemake.readthedocs.io/en/stable/snakefiles/rules.html#log-files

Lints for rule salmon_quant_reads (line 1591, /home/andy/MyStuff/PhD/pipelines/snk-rnaseq/Snakefile):
    * No log directive defined:
      Without a log directive, all output will be printed to the terminal. In
      distributed environments, this means that errors are harder to discover.
      In local environments, output of concurrent jobs will be mixed and become
      unreadable.
      Also see:
      https://snakemake.readthedocs.io/en/stable/snakefiles/rules.html#log-files

Lints for rule custom_tx2gene (line 1630, /home/andy/MyStuff/PhD/pipelines/snk-rnaseq/Snakefile):
    * No log directive defined:
      Without a log directive, all output will be printed to the terminal. In
      distributed environments, this means that errors are harder to discover.
      In local environments, output of concurrent jobs will be mixed and become
      unreadable.
      Also see:
      https://snakemake.readthedocs.io/en/stable/snakefiles/rules.html#log-files
    * Shell command directly uses variable SCRIPTS from outside of the rule:
      It is recommended to pass all files as input and output, and non-file
      parameters via the params directive. Otherwise, provenance tracking is
      less accurate.
      Also see:
      https://snakemake.readthedocs.io/en/stable/snakefiles/rules.html#non-file-parameters-for-rules

Lints for rule tximport (line 1664, /home/andy/MyStuff/PhD/pipelines/snk-rnaseq/Snakefile):
    * No log directive defined:
      Without a log directive, all output will be printed to the terminal. In
      distributed environments, this means that errors are harder to discover.
      In local environments, output of concurrent jobs will be mixed and become
      unreadable.
      Also see:
      https://snakemake.readthedocs.io/en/stable/snakefiles/rules.html#log-files
    * Shell command directly uses variable SCRIPTS from outside of the rule:
      It is recommended to pass all files as input and output, and non-file
      parameters via the params directive. Otherwise, provenance tracking is
      less accurate.
      Also see:
      https://snakemake.readthedocs.io/en/stable/snakefiles/rules.html#non-file-parameters-for-rules

Lints for rule summarizedexperiment (line 1701, /home/andy/MyStuff/PhD/pipelines/snk-rnaseq/Snakefile):
    * No log directive defined:
      Without a log directive, all output will be printed to the terminal. In
      distributed environments, this means that errors are harder to discover.
      In local environments, output of concurrent jobs will be mixed and become
      unreadable.
      Also see:
      https://snakemake.readthedocs.io/en/stable/snakefiles/rules.html#log-files
    * Shell command directly uses variable SCRIPTS from outside of the rule:
      It is recommended to pass all files as input and output, and non-file
      parameters via the params directive. Otherwise, provenance tracking is
      less accurate.
      Also see:
      https://snakemake.readthedocs.io/en/stable/snakefiles/rules.html#non-file-parameters-for-rules

Lints for rule deseq2_qc (line 1730, /home/andy/MyStuff/PhD/pipelines/snk-rnaseq/Snakefile):
    * No log directive defined:
      Without a log directive, all output will be printed to the terminal. In
      distributed environments, this means that errors are harder to discover.
      In local environments, output of concurrent jobs will be mixed and become
      unreadable.
      Also see:
      https://snakemake.readthedocs.io/en/stable/snakefiles/rules.html#log-files
    * Shell command directly uses variable SCRIPTS from outside of the rule:
      It is recommended to pass all files as input and output, and non-file
      parameters via the params directive. Otherwise, provenance tracking is
      less accurate.
      Also see:
      https://snakemake.readthedocs.io/en/stable/snakefiles/rules.html#non-file-parameters-for-rules

Lints for rule picard_markduplicates (line 1784, /home/andy/MyStuff/PhD/pipelines/snk-rnaseq/Snakefile):
    * No log directive defined:
      Without a log directive, all output will be printed to the terminal. In
      distributed environments, this means that errors are harder to discover.
      In local environments, output of concurrent jobs will be mixed and become
      unreadable.
      Also see:
      https://snakemake.readthedocs.io/en/stable/snakefiles/rules.html#log-files

Lints for rule samtools_index_markdup (line 1815, /home/andy/MyStuff/PhD/pipelines/snk-rnaseq/Snakefile):
    * No log directive defined:
      Without a log directive, all output will be printed to the terminal. In
      distributed environments, this means that errors are harder to discover.
      In local environments, output of concurrent jobs will be mixed and become
      unreadable.
      Also see:
      https://snakemake.readthedocs.io/en/stable/snakefiles/rules.html#log-files

Lints for rule stringtie (line 1839, /home/andy/MyStuff/PhD/pipelines/snk-rnaseq/Snakefile):
    * No log directive defined:
      Without a log directive, all output will be printed to the terminal. In
      distributed environments, this means that errors are harder to discover.
      In local environments, output of concurrent jobs will be mixed and become
      unreadable.
      Also see:
      https://snakemake.readthedocs.io/en/stable/snakefiles/rules.html#log-files

Lints for rule preseq_lcextrap (line 1876, /home/andy/MyStuff/PhD/pipelines/snk-rnaseq/Snakefile):
    * No log directive defined:
      Without a log directive, all output will be printed to the terminal. In
      distributed environments, this means that errors are harder to discover.
      In local environments, output of concurrent jobs will be mixed and become
      unreadable.
      Also see:
      https://snakemake.readthedocs.io/en/stable/snakefiles/rules.html#log-files

Lints for rule featurecounts (line 1897, /home/andy/MyStuff/PhD/pipelines/snk-rnaseq/Snakefile):
    * No log directive defined:
      Without a log directive, all output will be printed to the terminal. In
      distributed environments, this means that errors are harder to discover.
      In local environments, output of concurrent jobs will be mixed and become
      unreadable.
      Also see:
      https://snakemake.readthedocs.io/en/stable/snakefiles/rules.html#log-files

Lints for rule multiqc_custom_biotype (line 1928, /home/andy/MyStuff/PhD/pipelines/snk-rnaseq/Snakefile):
    * No log directive defined:
      Without a log directive, all output will be printed to the terminal. In
      distributed environments, this means that errors are harder to discover.
      In local environments, output of concurrent jobs will be mixed and become
      unreadable.
      Also see:
      https://snakemake.readthedocs.io/en/stable/snakefiles/rules.html#log-files
    * Shell command directly uses variable SCRIPTS from outside of the rule:
      It is recommended to pass all files as input and output, and non-file
      parameters via the params directive. Otherwise, provenance tracking is
      less accurate.
      Also see:
      https://snakemake.readthedocs.io/en/stable/snakefiles/rules.html#non-file-parameters-for-rules

Lints for rule samtools_sort_qualimap (line 1953, /home/andy/MyStuff/PhD/pipelines/snk-rnaseq/Snakefile):
    * No log directive defined:
      Without a log directive, all output will be printed to the terminal. In
      distributed environments, this means that errors are harder to discover.
      In local environments, output of concurrent jobs will be mixed and become
      unreadable.
      Also see:
      https://snakemake.readthedocs.io/en/stable/snakefiles/rules.html#log-files

Lints for rule qualimap_rnaseq (line 1979, /home/andy/MyStuff/PhD/pipelines/snk-rnaseq/Snakefile):
    * No log directive defined:
      Without a log directive, all output will be printed to the terminal. In
      distributed environments, this means that errors are harder to discover.
      In local environments, output of concurrent jobs will be mixed and become
      unreadable.
      Also see:
      https://snakemake.readthedocs.io/en/stable/snakefiles/rules.html#log-files

Lints for rule dupradar (line 2012, /home/andy/MyStuff/PhD/pipelines/snk-rnaseq/Snakefile):
    * No log directive defined:
      Without a log directive, all output will be printed to the terminal. In
      distributed environments, this means that errors are harder to discover.
      In local environments, output of concurrent jobs will be mixed and become
      unreadable.
      Also see:
      https://snakemake.readthedocs.io/en/stable/snakefiles/rules.html#log-files
    * Shell command directly uses variable SCRIPTS from outside of the rule:
      It is recommended to pass all files as input and output, and non-file
      parameters via the params directive. Otherwise, provenance tracking is
      less accurate.
      Also see:
      https://snakemake.readthedocs.io/en/stable/snakefiles/rules.html#non-file-parameters-for-rules

Lints for rule rseqc_bamstat (line 2097, /home/andy/MyStuff/PhD/pipelines/snk-rnaseq/Snakefile):
    * No log directive defined:
      Without a log directive, all output will be printed to the terminal. In
      distributed environments, this means that errors are harder to discover.
      In local environments, output of concurrent jobs will be mixed and become
      unreadable.
      Also see:
      https://snakemake.readthedocs.io/en/stable/snakefiles/rules.html#log-files

Lints for rule rseqc_inferexperiment (line 2118, /home/andy/MyStuff/PhD/pipelines/snk-rnaseq/Snakefile):
    * No log directive defined:
      Without a log directive, all output will be printed to the terminal. In
      distributed environments, this means that errors are harder to discover.
      In local environments, output of concurrent jobs will be mixed and become
      unreadable.
      Also see:
      https://snakemake.readthedocs.io/en/stable/snakefiles/rules.html#log-files

Lints for rule rseqc_innerdistance_pe (line 2140, /home/andy/MyStuff/PhD/pipelines/snk-rnaseq/Snakefile):
    * No log directive defined:
      Without a log directive, all output will be printed to the terminal. In
      distributed environments, this means that errors are harder to discover.
      In local environments, output of concurrent jobs will be mixed and become
      unreadable.
      Also see:
      https://snakemake.readthedocs.io/en/stable/snakefiles/rules.html#log-files

Lints for rule rseqc_innerdistance_se (line 2173, /home/andy/MyStuff/PhD/pipelines/snk-rnaseq/Snakefile):
    * No log directive defined:
      Without a log directive, all output will be printed to the terminal. In
      distributed environments, this means that errors are harder to discover.
      In local environments, output of concurrent jobs will be mixed and become
      unreadable.
      Also see:
      https://snakemake.readthedocs.io/en/stable/snakefiles/rules.html#log-files

Lints for rule rseqc_junctionannotation (line 2188, /home/andy/MyStuff/PhD/pipelines/snk-rnaseq/Snakefile):
    * No log directive defined:
      Without a log directive, all output will be printed to the terminal. In
      distributed environments, this means that errors are harder to discover.
      In local environments, output of concurrent jobs will be mixed and become
      unreadable.
      Also see:
      https://snakemake.readthedocs.io/en/stable/snakefiles/rules.html#log-files

Lints for rule rseqc_junctionsaturation (line 2225, /home/andy/MyStuff/PhD/pipelines/snk-rnaseq/Snakefile):
    * No log directive defined:
      Without a log directive, all output will be printed to the terminal. In
      distributed environments, this means that errors are harder to discover.
      In local environments, output of concurrent jobs will be mixed and become
      unreadable.
      Also see:
      https://snakemake.readthedocs.io/en/stable/snakefiles/rules.html#log-files

Lints for rule rseqc_readdistribution (line 2249, /home/andy/MyStuff/PhD/pipelines/snk-rnaseq/Snakefile):
    * No log directive defined:
      Without a log directive, all output will be printed to the terminal. In
      distributed environments, this means that errors are harder to discover.
      In local environments, output of concurrent jobs will be mixed and become
      unreadable.
      Also see:
      https://snakemake.readthedocs.io/en/stable/snakefiles/rules.html#log-files

Lints for rule rseqc_readduplication (line 2271, /home/andy/MyStuff/PhD/pipelines/snk-rnaseq/Snakefile):
    * No log directive defined:
      Without a log directive, all output will be printed to the terminal. In
      distributed environments, this means that errors are harder to discover.
      In local environments, output of concurrent jobs will be mixed and become
      unreadable.
      Also see:
      https://snakemake.readthedocs.io/en/stable/snakefiles/rules.html#log-files

Lints for rule rseqc_tin (line 2299, /home/andy/MyStuff/PhD/pipelines/snk-rnaseq/Snakefile):
    * No log directive defined:
      Without a log directive, all output will be printed to the terminal. In
      distributed environments, this means that errors are harder to discover.
      In local environments, output of concurrent jobs will be mixed and become
      unreadable.
      Also see:
      https://snakemake.readthedocs.io/en/stable/snakefiles/rules.html#log-files

Lints for rule bedtools_genomecov (line 2331, /home/andy/MyStuff/PhD/pipelines/snk-rnaseq/Snakefile):
    * No log directive defined:
      Without a log directive, all output will be printed to the terminal. In
      distributed environments, this means that errors are harder to discover.
      In local environments, output of concurrent jobs will be mixed and become
      unreadable.
      Also see:
      https://snakemake.readthedocs.io/en/stable/snakefiles/rules.html#log-files

Lints for rule ucsc_bedclip (line 2352, /home/andy/MyStuff/PhD/pipelines/snk-rnaseq/Snakefile):
    * No log directive defined:
      Without a log directive, all output will be printed to the terminal. In
      distributed environments, this means that errors are harder to discover.
      In local environments, output of concurrent jobs will be mixed and become
      unreadable.
      Also see:
      https://snakemake.readthedocs.io/en/stable/snakefiles/rules.html#log-files

Lints for rule ucsc_bedgraphtobigwig (line 2368, /home/andy/MyStuff/PhD/pipelines/snk-rnaseq/Snakefile):
    * No log directive defined:
      Without a log directive, all output will be printed to the terminal. In
      distributed environments, this means that errors are harder to discover.
      In local environments, output of concurrent jobs will be mixed and become
      unreadable.
      Also see:
      https://snakemake.readthedocs.io/en/stable/snakefiles/rules.html#log-files

Lints for rule multiqc_rnaseq_inputs (line 2410, /home/andy/MyStuff/PhD/pipelines/snk-rnaseq/Snakefile):
    * No log directive defined:
      Without a log directive, all output will be printed to the terminal. In
      distributed environments, this means that errors are harder to discover.
      In local environments, output of concurrent jobs will be mixed and become
      unreadable.
      Also see:
      https://snakemake.readthedocs.io/en/stable/snakefiles/rules.html#log-files
    * Shell command directly uses variable SCRIPTS from outside of the rule:
      It is recommended to pass all files as input and output, and non-file
      parameters via the params directive. Otherwise, provenance tracking is
      less accurate.
      Also see:
      https://snakemake.readthedocs.io/en/stable/snakefiles/rules.html#non-file-parameters-for-rules
    * Shell command directly uses variable ALIGNER_DISPLAY from outside of the rule:
      It is recommended to pass all files as input and output, and non-file
      parameters via the params directive. Otherwise, provenance tracking is
      less accurate.
      Also see:
      https://snakemake.readthedocs.io/en/stable/snakefiles/rules.html#non-file-parameters-for-rules
    * Shell command directly uses variable config from outside of the rule:
      It is recommended to pass all files as input and output, and non-file
      parameters via the params directive. Otherwise, provenance tracking is
      less accurate.
      Also see:
      https://snakemake.readthedocs.io/en/stable/snakefiles/rules.html#non-file-parameters-for-rules
    * Shell command directly uses variable config from outside of the rule:
      It is recommended to pass all files as input and output, and non-file
      parameters via the params directive. Otherwise, provenance tracking is
      less accurate.
      Also see:
      https://snakemake.readthedocs.io/en/stable/snakefiles/rules.html#non-file-parameters-for-rules
    * Shell command directly uses variable config from outside of the rule:
      It is recommended to pass all files as input and output, and non-file
      parameters via the params directive. Otherwise, provenance tracking is
      less accurate.
      Also see:
      https://snakemake.readthedocs.io/en/stable/snakefiles/rules.html#non-file-parameters-for-rules

Lints for rule multiqc (line 2494, /home/andy/MyStuff/PhD/pipelines/snk-rnaseq/Snakefile):
    * No log directive defined:
      Without a log directive, all output will be printed to the terminal. In
      distributed environments, this means that errors are harder to discover.
      In local environments, output of concurrent jobs will be mixed and become
      unreadable.
      Also see:
      https://snakemake.readthedocs.io/en/stable/snakefiles/rules.html#log-files

